
===========================================================================
report_checks -path_delay max (Setup)
============================================================================
Startpoint: rst (input port clocked by clk)
Endpoint: _13184_ (recovery check against rising-edge clock clk)
Path Group: **async_default**
Path Type: max

Fanout     Cap    Slew   Delay    Time   Description
-----------------------------------------------------------------------------
                          0.00    0.00   clock clk (rise edge)
                          0.00    0.00   clock network delay (propagated)
                          2.00    2.00 v input external delay
                  0.01    0.00    2.00 v rst (in)
     1    0.00                           rst (net)
                  0.01    0.00    2.00 v input34/A (sky130_fd_sc_hd__buf_4)
                  0.09    0.19    2.19 v input34/X (sky130_fd_sc_hd__buf_4)
     6    0.06                           net34 (net)
                  0.09    0.01    2.20 v _06756_/B1 (sky130_fd_sc_hd__a21o_2)
                  0.14    0.33    2.53 v _06756_/X (sky130_fd_sc_hd__a21o_2)
     3    0.05                           _01416_ (net)
                  0.14    0.01    2.54 v _06764_/A (sky130_fd_sc_hd__inv_2)
                  0.22    0.24    2.77 ^ _06764_/Y (sky130_fd_sc_hd__inv_2)
     6    0.05                           _01423_ (net)
                  0.22    0.00    2.77 ^ _06837_/A (sky130_fd_sc_hd__buf_4)
                  0.23    0.31    3.09 ^ _06837_/X (sky130_fd_sc_hd__buf_4)
    10    0.08                           _01480_ (net)
                  0.23    0.01    3.09 ^ _07393_/A (sky130_fd_sc_hd__buf_4)
                  0.21    0.30    3.40 ^ _07393_/X (sky130_fd_sc_hd__buf_4)
    10    0.08                           _00105_ (net)
                  0.21    0.01    3.41 ^ _13184_/RESET_B (sky130_fd_sc_hd__dfrtp_2)
                                  3.41   data arrival time

                         10.00   10.00   clock clk (rise edge)
                          0.00   10.00   clock source latency
                  0.29    0.19   10.19 ^ clk (in)
     1    0.06                           clk (net)
                  0.29    0.00   10.19 ^ clkbuf_0_clk/A (sky130_fd_sc_hd__clkbuf_16)
                  0.06    0.20   10.39 ^ clkbuf_0_clk/X (sky130_fd_sc_hd__clkbuf_16)
     2    0.03                           clknet_0_clk (net)
                  0.06    0.00   10.40 ^ clkbuf_1_0_0_clk/A (sky130_fd_sc_hd__clkbuf_8)
                  0.08    0.15   10.55 ^ clkbuf_1_0_0_clk/X (sky130_fd_sc_hd__clkbuf_8)
     2    0.04                           clknet_1_0_0_clk (net)
                  0.08    0.00   10.55 ^ clkbuf_2_1_0_clk/A (sky130_fd_sc_hd__clkbuf_8)
                  0.07    0.16   10.70 ^ clkbuf_2_1_0_clk/X (sky130_fd_sc_hd__clkbuf_8)
     2    0.04                           clknet_2_1_0_clk (net)
                  0.07    0.00   10.71 ^ clkbuf_3_2_0_clk/A (sky130_fd_sc_hd__clkbuf_8)
                  0.06    0.14   10.85 ^ clkbuf_3_2_0_clk/X (sky130_fd_sc_hd__clkbuf_8)
     2    0.02                           clknet_3_2_0_clk (net)
                  0.06    0.00   10.85 ^ clkbuf_4_5_0_clk/A (sky130_fd_sc_hd__clkbuf_8)
                  0.21    0.24   11.09 ^ clkbuf_4_5_0_clk/X (sky130_fd_sc_hd__clkbuf_8)
     9    0.12                           clknet_4_5_0_clk (net)
                  0.21    0.00   11.09 ^ clkbuf_leaf_31_clk/A (sky130_fd_sc_hd__clkbuf_16)
                  0.04    0.17   11.26 ^ clkbuf_leaf_31_clk/X (sky130_fd_sc_hd__clkbuf_16)
     4    0.01                           clknet_leaf_31_clk (net)
                  0.04    0.00   11.26 ^ _13184_/CLK (sky130_fd_sc_hd__dfrtp_2)
                         -0.25   11.01   clock uncertainty
                          0.00   11.01   clock reconvergence pessimism
                          0.17   11.17   library recovery time
                                 11.17   data required time
-----------------------------------------------------------------------------
                                 11.17   data required time
                                 -3.41   data arrival time
-----------------------------------------------------------------------------
                                  7.77   slack (MET)


Startpoint: rst (input port clocked by clk)
Endpoint: _13185_ (recovery check against rising-edge clock clk)
Path Group: **async_default**
Path Type: max

Fanout     Cap    Slew   Delay    Time   Description
-----------------------------------------------------------------------------
                          0.00    0.00   clock clk (rise edge)
                          0.00    0.00   clock network delay (propagated)
                          2.00    2.00 v input external delay
                  0.01    0.00    2.00 v rst (in)
     1    0.00                           rst (net)
                  0.01    0.00    2.00 v input34/A (sky130_fd_sc_hd__buf_4)
                  0.09    0.19    2.19 v input34/X (sky130_fd_sc_hd__buf_4)
     6    0.06                           net34 (net)
                  0.09    0.01    2.20 v _06756_/B1 (sky130_fd_sc_hd__a21o_2)
                  0.14    0.33    2.53 v _06756_/X (sky130_fd_sc_hd__a21o_2)
     3    0.05                           _01416_ (net)
                  0.14    0.01    2.54 v _06757_/A (sky130_fd_sc_hd__buf_4)
                  0.11    0.27    2.80 v _06757_/X (sky130_fd_sc_hd__buf_4)
    10    0.08                           _01417_ (net)
                  0.11    0.01    2.81 v _06758_/A (sky130_fd_sc_hd__clkbuf_4)
                  0.13    0.27    3.08 v _06758_/X (sky130_fd_sc_hd__clkbuf_4)
    10    0.07                           _01418_ (net)
                  0.13    0.01    3.09 v _09463_/A (sky130_fd_sc_hd__buf_6)
                  0.08    0.22    3.31 v _09463_/X (sky130_fd_sc_hd__buf_6)
    10    0.09                           _03866_ (net)
                  0.09    0.01    3.32 v _09464_/A (sky130_fd_sc_hd__inv_2)
                  0.04    0.07    3.39 ^ _09464_/Y (sky130_fd_sc_hd__inv_2)
     1    0.01                           _00106_ (net)
                  0.04    0.00    3.39 ^ _13185_/RESET_B (sky130_fd_sc_hd__dfrtp_2)
                                  3.39   data arrival time

                         10.00   10.00   clock clk (rise edge)
                          0.00   10.00   clock source latency
                  0.29    0.19   10.19 ^ clk (in)
     1    0.06                           clk (net)
                  0.29    0.00   10.19 ^ clkbuf_0_clk/A (sky130_fd_sc_hd__clkbuf_16)
                  0.06    0.20   10.39 ^ clkbuf_0_clk/X (sky130_fd_sc_hd__clkbuf_16)
     2    0.03                           clknet_0_clk (net)
                  0.06    0.00   10.40 ^ clkbuf_1_0_0_clk/A (sky130_fd_sc_hd__clkbuf_8)
                  0.08    0.15   10.55 ^ clkbuf_1_0_0_clk/X (sky130_fd_sc_hd__clkbuf_8)
     2    0.04                           clknet_1_0_0_clk (net)
                  0.08    0.00   10.55 ^ clkbuf_2_1_0_clk/A (sky130_fd_sc_hd__clkbuf_8)
                  0.07    0.16   10.70 ^ clkbuf_2_1_0_clk/X (sky130_fd_sc_hd__clkbuf_8)
     2    0.04                           clknet_2_1_0_clk (net)
                  0.07    0.00   10.71 ^ clkbuf_3_2_0_clk/A (sky130_fd_sc_hd__clkbuf_8)
                  0.06    0.14   10.85 ^ clkbuf_3_2_0_clk/X (sky130_fd_sc_hd__clkbuf_8)
     2    0.02                           clknet_3_2_0_clk (net)
                  0.06    0.00   10.85 ^ clkbuf_4_5_0_clk/A (sky130_fd_sc_hd__clkbuf_8)
                  0.21    0.24   11.09 ^ clkbuf_4_5_0_clk/X (sky130_fd_sc_hd__clkbuf_8)
     9    0.12                           clknet_4_5_0_clk (net)
                  0.21    0.00   11.09 ^ clkbuf_leaf_33_clk/A (sky130_fd_sc_hd__clkbuf_16)
                  0.04    0.17   11.26 ^ clkbuf_leaf_33_clk/X (sky130_fd_sc_hd__clkbuf_16)
     5    0.02                           clknet_leaf_33_clk (net)
                  0.04    0.00   11.26 ^ _13185_/CLK (sky130_fd_sc_hd__dfrtp_2)
                         -0.25   11.01   clock uncertainty
                          0.00   11.01   clock reconvergence pessimism
                          0.22   11.23   library recovery time
                                 11.23   data required time
-----------------------------------------------------------------------------
                                 11.23   data required time
                                 -3.39   data arrival time
-----------------------------------------------------------------------------
                                  7.84   slack (MET)


Startpoint: rst (input port clocked by clk)
Endpoint: _13187_ (recovery check against rising-edge clock clk)
Path Group: **async_default**
Path Type: max

Fanout     Cap    Slew   Delay    Time   Description
-----------------------------------------------------------------------------
                          0.00    0.00   clock clk (rise edge)
                          0.00    0.00   clock network delay (propagated)
                          2.00    2.00 v input external delay
                  0.01    0.00    2.00 v rst (in)
     1    0.00                           rst (net)
                  0.01    0.00    2.00 v input34/A (sky130_fd_sc_hd__buf_4)
                  0.09    0.19    2.19 v input34/X (sky130_fd_sc_hd__buf_4)
     6    0.06                           net34 (net)
                  0.09    0.01    2.20 v _06756_/B1 (sky130_fd_sc_hd__a21o_2)
                  0.14    0.33    2.53 v _06756_/X (sky130_fd_sc_hd__a21o_2)
     3    0.05                           _01416_ (net)
                  0.14    0.01    2.54 v _06757_/A (sky130_fd_sc_hd__buf_4)
                  0.11    0.27    2.80 v _06757_/X (sky130_fd_sc_hd__buf_4)
    10    0.08                           _01417_ (net)
                  0.11    0.01    2.81 v _06758_/A (sky130_fd_sc_hd__clkbuf_4)
                  0.13    0.27    3.08 v _06758_/X (sky130_fd_sc_hd__clkbuf_4)
    10    0.07                           _01418_ (net)
                  0.13    0.01    3.09 v _09463_/A (sky130_fd_sc_hd__buf_6)
                  0.08    0.22    3.31 v _09463_/X (sky130_fd_sc_hd__buf_6)
    10    0.09                           _03866_ (net)
                  0.09    0.01    3.32 v _09466_/A (sky130_fd_sc_hd__inv_2)
                  0.03    0.06    3.38 ^ _09466_/Y (sky130_fd_sc_hd__inv_2)
     1    0.00                           _00108_ (net)
                  0.03    0.00    3.38 ^ _13187_/RESET_B (sky130_fd_sc_hd__dfrtp_4)
                                  3.38   data arrival time

                         10.00   10.00   clock clk (rise edge)
                          0.00   10.00   clock source latency
                  0.29    0.19   10.19 ^ clk (in)
     1    0.06                           clk (net)
                  0.29    0.00   10.19 ^ clkbuf_0_clk/A (sky130_fd_sc_hd__clkbuf_16)
                  0.06    0.20   10.39 ^ clkbuf_0_clk/X (sky130_fd_sc_hd__clkbuf_16)
     2    0.03                           clknet_0_clk (net)
                  0.06    0.00   10.40 ^ clkbuf_1_0_0_clk/A (sky130_fd_sc_hd__clkbuf_8)
                  0.08    0.15   10.55 ^ clkbuf_1_0_0_clk/X (sky130_fd_sc_hd__clkbuf_8)
     2    0.04                           clknet_1_0_0_clk (net)
                  0.08    0.00   10.55 ^ clkbuf_2_1_0_clk/A (sky130_fd_sc_hd__clkbuf_8)
                  0.07    0.16   10.70 ^ clkbuf_2_1_0_clk/X (sky130_fd_sc_hd__clkbuf_8)
     2    0.04                           clknet_2_1_0_clk (net)
                  0.07    0.00   10.71 ^ clkbuf_3_2_0_clk/A (sky130_fd_sc_hd__clkbuf_8)
                  0.06    0.14   10.85 ^ clkbuf_3_2_0_clk/X (sky130_fd_sc_hd__clkbuf_8)
     2    0.02                           clknet_3_2_0_clk (net)
                  0.06    0.00   10.85 ^ clkbuf_4_5_0_clk/A (sky130_fd_sc_hd__clkbuf_8)
                  0.21    0.24   11.09 ^ clkbuf_4_5_0_clk/X (sky130_fd_sc_hd__clkbuf_8)
     9    0.12                           clknet_4_5_0_clk (net)
                  0.21    0.00   11.09 ^ clkbuf_leaf_33_clk/A (sky130_fd_sc_hd__clkbuf_16)
                  0.04    0.17   11.26 ^ clkbuf_leaf_33_clk/X (sky130_fd_sc_hd__clkbuf_16)
     5    0.02                           clknet_leaf_33_clk (net)
                  0.04    0.00   11.26 ^ _13187_/CLK (sky130_fd_sc_hd__dfrtp_4)
                         -0.25   11.01   clock uncertainty
                          0.00   11.01   clock reconvergence pessimism
                          0.22   11.23   library recovery time
                                 11.23   data required time
-----------------------------------------------------------------------------
                                 11.23   data required time
                                 -3.38   data arrival time
-----------------------------------------------------------------------------
                                  7.85   slack (MET)


Startpoint: rst (input port clocked by clk)
Endpoint: _13188_ (recovery check against rising-edge clock clk)
Path Group: **async_default**
Path Type: max

Fanout     Cap    Slew   Delay    Time   Description
-----------------------------------------------------------------------------
                          0.00    0.00   clock clk (rise edge)
                          0.00    0.00   clock network delay (propagated)
                          2.00    2.00 v input external delay
                  0.01    0.00    2.00 v rst (in)
     1    0.00                           rst (net)
                  0.01    0.00    2.00 v input34/A (sky130_fd_sc_hd__buf_4)
                  0.09    0.19    2.19 v input34/X (sky130_fd_sc_hd__buf_4)
     6    0.06                           net34 (net)
                  0.09    0.01    2.20 v _06756_/B1 (sky130_fd_sc_hd__a21o_2)
                  0.14    0.33    2.53 v _06756_/X (sky130_fd_sc_hd__a21o_2)
     3    0.05                           _01416_ (net)
                  0.14    0.01    2.54 v _06757_/A (sky130_fd_sc_hd__buf_4)
                  0.11    0.27    2.80 v _06757_/X (sky130_fd_sc_hd__buf_4)
    10    0.08                           _01417_ (net)
                  0.11    0.01    2.81 v _06758_/A (sky130_fd_sc_hd__clkbuf_4)
                  0.13    0.27    3.08 v _06758_/X (sky130_fd_sc_hd__clkbuf_4)
    10    0.07                           _01418_ (net)
                  0.13    0.01    3.09 v _09463_/A (sky130_fd_sc_hd__buf_6)
                  0.08    0.22    3.31 v _09463_/X (sky130_fd_sc_hd__buf_6)
    10    0.09                           _03866_ (net)
                  0.09    0.01    3.32 v _09467_/A (sky130_fd_sc_hd__inv_2)
                  0.04    0.07    3.39 ^ _09467_/Y (sky130_fd_sc_hd__inv_2)
     1    0.01                           _00109_ (net)
                  0.04    0.00    3.39 ^ _13188_/RESET_B (sky130_fd_sc_hd__dfrtp_1)
                                  3.39   data arrival time

                         10.00   10.00   clock clk (rise edge)
                          0.00   10.00   clock source latency
                  0.29    0.19   10.19 ^ clk (in)
     1    0.06                           clk (net)
                  0.29    0.00   10.19 ^ clkbuf_0_clk/A (sky130_fd_sc_hd__clkbuf_16)
                  0.06    0.20   10.39 ^ clkbuf_0_clk/X (sky130_fd_sc_hd__clkbuf_16)
     2    0.03                           clknet_0_clk (net)
                  0.06    0.00   10.40 ^ clkbuf_1_0_0_clk/A (sky130_fd_sc_hd__clkbuf_8)
                  0.08    0.15   10.55 ^ clkbuf_1_0_0_clk/X (sky130_fd_sc_hd__clkbuf_8)
     2    0.04                           clknet_1_0_0_clk (net)
                  0.08    0.00   10.55 ^ clkbuf_2_1_0_clk/A (sky130_fd_sc_hd__clkbuf_8)
                  0.07    0.16   10.70 ^ clkbuf_2_1_0_clk/X (sky130_fd_sc_hd__clkbuf_8)
     2    0.04                           clknet_2_1_0_clk (net)
                  0.07    0.00   10.71 ^ clkbuf_3_2_0_clk/A (sky130_fd_sc_hd__clkbuf_8)
                  0.06    0.14   10.85 ^ clkbuf_3_2_0_clk/X (sky130_fd_sc_hd__clkbuf_8)
     2    0.02                           clknet_3_2_0_clk (net)
                  0.06    0.00   10.85 ^ clkbuf_4_5_0_clk/A (sky130_fd_sc_hd__clkbuf_8)
                  0.21    0.24   11.09 ^ clkbuf_4_5_0_clk/X (sky130_fd_sc_hd__clkbuf_8)
     9    0.12                           clknet_4_5_0_clk (net)
                  0.21    0.00   11.09 ^ clkbuf_leaf_33_clk/A (sky130_fd_sc_hd__clkbuf_16)
                  0.04    0.17   11.26 ^ clkbuf_leaf_33_clk/X (sky130_fd_sc_hd__clkbuf_16)
     5    0.02                           clknet_leaf_33_clk (net)
                  0.04    0.00   11.26 ^ _13188_/CLK (sky130_fd_sc_hd__dfrtp_1)
                         -0.25   11.01   clock uncertainty
                          0.00   11.01   clock reconvergence pessimism
                          0.23   11.24   library recovery time
                                 11.24   data required time
-----------------------------------------------------------------------------
                                 11.24   data required time
                                 -3.39   data arrival time
-----------------------------------------------------------------------------
                                  7.85   slack (MET)


Startpoint: rst (input port clocked by clk)
Endpoint: _13186_ (recovery check against rising-edge clock clk)
Path Group: **async_default**
Path Type: max

Fanout     Cap    Slew   Delay    Time   Description
-----------------------------------------------------------------------------
                          0.00    0.00   clock clk (rise edge)
                          0.00    0.00   clock network delay (propagated)
                          2.00    2.00 v input external delay
                  0.01    0.00    2.00 v rst (in)
     1    0.00                           rst (net)
                  0.01    0.00    2.00 v input34/A (sky130_fd_sc_hd__buf_4)
                  0.09    0.19    2.19 v input34/X (sky130_fd_sc_hd__buf_4)
     6    0.06                           net34 (net)
                  0.09    0.01    2.20 v _06756_/B1 (sky130_fd_sc_hd__a21o_2)
                  0.14    0.33    2.53 v _06756_/X (sky130_fd_sc_hd__a21o_2)
     3    0.05                           _01416_ (net)
                  0.14    0.01    2.54 v _06757_/A (sky130_fd_sc_hd__buf_4)
                  0.11    0.27    2.80 v _06757_/X (sky130_fd_sc_hd__buf_4)
    10    0.08                           _01417_ (net)
                  0.11    0.01    2.81 v _06758_/A (sky130_fd_sc_hd__clkbuf_4)
                  0.13    0.27    3.08 v _06758_/X (sky130_fd_sc_hd__clkbuf_4)
    10    0.07                           _01418_ (net)
                  0.13    0.01    3.09 v _09463_/A (sky130_fd_sc_hd__buf_6)
                  0.08    0.22    3.31 v _09463_/X (sky130_fd_sc_hd__buf_6)
    10    0.09                           _03866_ (net)
                  0.09    0.01    3.32 v _09465_/A (sky130_fd_sc_hd__inv_2)
                  0.04    0.07    3.39 ^ _09465_/Y (sky130_fd_sc_hd__inv_2)
     1    0.01                           _00107_ (net)
                  0.04    0.00    3.39 ^ _13186_/RESET_B (sky130_fd_sc_hd__dfrtp_1)
                                  3.39   data arrival time

                         10.00   10.00   clock clk (rise edge)
                          0.00   10.00   clock source latency
                  0.29    0.19   10.19 ^ clk (in)
     1    0.06                           clk (net)
                  0.29    0.00   10.19 ^ clkbuf_0_clk/A (sky130_fd_sc_hd__clkbuf_16)
                  0.06    0.20   10.39 ^ clkbuf_0_clk/X (sky130_fd_sc_hd__clkbuf_16)
     2    0.03                           clknet_0_clk (net)
                  0.06    0.00   10.40 ^ clkbuf_1_0_0_clk/A (sky130_fd_sc_hd__clkbuf_8)
                  0.08    0.15   10.55 ^ clkbuf_1_0_0_clk/X (sky130_fd_sc_hd__clkbuf_8)
     2    0.04                           clknet_1_0_0_clk (net)
                  0.08    0.00   10.55 ^ clkbuf_2_1_0_clk/A (sky130_fd_sc_hd__clkbuf_8)
                  0.07    0.16   10.70 ^ clkbuf_2_1_0_clk/X (sky130_fd_sc_hd__clkbuf_8)
     2    0.04                           clknet_2_1_0_clk (net)
                  0.07    0.00   10.71 ^ clkbuf_3_2_0_clk/A (sky130_fd_sc_hd__clkbuf_8)
                  0.06    0.14   10.85 ^ clkbuf_3_2_0_clk/X (sky130_fd_sc_hd__clkbuf_8)
     2    0.02                           clknet_3_2_0_clk (net)
                  0.06    0.00   10.85 ^ clkbuf_4_5_0_clk/A (sky130_fd_sc_hd__clkbuf_8)
                  0.21    0.24   11.09 ^ clkbuf_4_5_0_clk/X (sky130_fd_sc_hd__clkbuf_8)
     9    0.12                           clknet_4_5_0_clk (net)
                  0.21    0.00   11.09 ^ clkbuf_leaf_33_clk/A (sky130_fd_sc_hd__clkbuf_16)
                  0.04    0.17   11.26 ^ clkbuf_leaf_33_clk/X (sky130_fd_sc_hd__clkbuf_16)
     5    0.02                           clknet_leaf_33_clk (net)
                  0.04    0.00   11.26 ^ _13186_/CLK (sky130_fd_sc_hd__dfrtp_1)
                         -0.25   11.01   clock uncertainty
                          0.00   11.01   clock reconvergence pessimism
                          0.23   11.24   library recovery time
                                 11.24   data required time
-----------------------------------------------------------------------------
                                 11.24   data required time
                                 -3.39   data arrival time
-----------------------------------------------------------------------------
                                  7.85   slack (MET)


Startpoint: _13483_ (rising edge-triggered flip-flop clocked by clk)
Endpoint: src_read (output port clocked by clk)
Path Group: clk
Path Type: max

Fanout     Cap    Slew   Delay    Time   Description
-----------------------------------------------------------------------------
                          0.00    0.00   clock clk (rise edge)
                          0.00    0.00   clock source latency
                  0.29    0.21    0.21 ^ clk (in)
     1    0.06                           clk (net)
                  0.29    0.00    0.21 ^ clkbuf_0_clk/A (sky130_fd_sc_hd__clkbuf_16)
                  0.06    0.23    0.44 ^ clkbuf_0_clk/X (sky130_fd_sc_hd__clkbuf_16)
     2    0.03                           clknet_0_clk (net)
                  0.06    0.00    0.44 ^ clkbuf_1_1_0_clk/A (sky130_fd_sc_hd__clkbuf_8)
                  0.07    0.16    0.60 ^ clkbuf_1_1_0_clk/X (sky130_fd_sc_hd__clkbuf_8)
     2    0.03                           clknet_1_1_0_clk (net)
                  0.07    0.00    0.60 ^ clkbuf_2_3_0_clk/A (sky130_fd_sc_hd__clkbuf_8)
                  0.07    0.16    0.76 ^ clkbuf_2_3_0_clk/X (sky130_fd_sc_hd__clkbuf_8)
     2    0.03                           clknet_2_3_0_clk (net)
                  0.07    0.00    0.76 ^ clkbuf_3_6_0_clk/A (sky130_fd_sc_hd__clkbuf_8)
                  0.06    0.15    0.91 ^ clkbuf_3_6_0_clk/X (sky130_fd_sc_hd__clkbuf_8)
     2    0.03                           clknet_3_6_0_clk (net)
                  0.06    0.00    0.91 ^ clkbuf_4_13_0_clk/A (sky130_fd_sc_hd__clkbuf_8)
                  0.18    0.24    1.16 ^ clkbuf_4_13_0_clk/X (sky130_fd_sc_hd__clkbuf_8)
     8    0.10                           clknet_4_13_0_clk (net)
                  0.18    0.00    1.16 ^ clkbuf_leaf_35_clk/A (sky130_fd_sc_hd__clkbuf_16)
                  0.04    0.18    1.34 ^ clkbuf_leaf_35_clk/X (sky130_fd_sc_hd__clkbuf_16)
     7    0.02                           clknet_leaf_35_clk (net)
                  0.04    0.00    1.35 ^ _13483_/CLK (sky130_fd_sc_hd__dfxtp_1)
                  0.09    0.36    1.71 v _13483_/Q (sky130_fd_sc_hd__dfxtp_1)
     5    0.02                           _158_[1] (net)
                  0.09    0.00    1.71 v _06545_/A (sky130_fd_sc_hd__or4_2)
                  0.15    0.78    2.49 v _06545_/X (sky130_fd_sc_hd__or4_2)
     5    0.02                           _01254_ (net)
                  0.15    0.00    2.49 v _06546_/C (sky130_fd_sc_hd__or3_1)
                  0.10    0.40    2.89 v _06546_/X (sky130_fd_sc_hd__or3_1)
     3    0.01                           _01255_ (net)
                  0.10    0.00    2.89 v _06547_/B (sky130_fd_sc_hd__or2_2)
                  0.11    0.38    3.28 v _06547_/X (sky130_fd_sc_hd__or2_2)
     4    0.02                           _01256_ (net)
                  0.11    0.00    3.28 v _06548_/C (sky130_fd_sc_hd__or3_1)
                  0.11    0.40    3.68 v _06548_/X (sky130_fd_sc_hd__or3_1)
     3    0.01                           _01257_ (net)
                  0.11    0.00    3.68 v _06549_/B (sky130_fd_sc_hd__or2_1)
                  0.09    0.30    3.98 v _06549_/X (sky130_fd_sc_hd__or2_1)
     4    0.01                           _01258_ (net)
                  0.09    0.00    3.98 v _06550_/C (sky130_fd_sc_hd__or3_1)
                  0.11    0.40    4.38 v _06550_/X (sky130_fd_sc_hd__or3_1)
     3    0.01                           _01259_ (net)
                  0.11    0.00    4.38 v _06551_/B (sky130_fd_sc_hd__or2_1)
                  0.11    0.32    4.69 v _06551_/X (sky130_fd_sc_hd__or2_1)
     4    0.02                           _01260_ (net)
                  0.11    0.00    4.69 v _06552_/C (sky130_fd_sc_hd__or3_1)
                  0.10    0.39    5.08 v _06552_/X (sky130_fd_sc_hd__or3_1)
     3    0.01                           _01261_ (net)
                  0.10    0.00    5.08 v _06553_/B (sky130_fd_sc_hd__or2_1)
                  0.10    0.30    5.38 v _06553_/X (sky130_fd_sc_hd__or2_1)
     4    0.01                           _01262_ (net)
                  0.10    0.00    5.38 v _06554_/C (sky130_fd_sc_hd__or3_1)
                  0.10    0.39    5.77 v _06554_/X (sky130_fd_sc_hd__or3_1)
     3    0.01                           _01263_ (net)
                  0.10    0.00    5.77 v _06555_/B (sky130_fd_sc_hd__or2_1)
                  0.11    0.31    6.08 v _06555_/X (sky130_fd_sc_hd__or2_1)
     4    0.02                           _01264_ (net)
                  0.11    0.00    6.08 v _06556_/C (sky130_fd_sc_hd__or3_1)
                  0.14    0.44    6.52 v _06556_/X (sky130_fd_sc_hd__or3_1)
     4    0.02                           _01265_ (net)
                  0.14    0.00    6.52 v _06594_/B (sky130_fd_sc_hd__nor2_2)
                  0.40    0.37    6.89 ^ _06594_/Y (sky130_fd_sc_hd__nor2_2)
     4    0.04                           _01297_ (net)
                  0.40    0.00    6.89 ^ _06605_/A (sky130_fd_sc_hd__nor2_1)
                  0.12    0.16    7.06 v _06605_/Y (sky130_fd_sc_hd__nor2_1)
     2    0.01                           _01308_ (net)
                  0.12    0.00    7.06 v _06660_/A1 (sky130_fd_sc_hd__o31a_1)
                  0.10    0.39    7.45 v _06660_/X (sky130_fd_sc_hd__o31a_1)
     1    0.01                           net69 (net)
                  0.10    0.00    7.45 v output69/A (sky130_fd_sc_hd__buf_2)
                  0.09    0.21    7.66 v output69/X (sky130_fd_sc_hd__buf_2)
     1    0.03                           src_read (net)
                  0.09    0.00    7.66 v src_read (out)
                                  7.66   data arrival time

                         10.00   10.00   clock clk (rise edge)
                          0.00   10.00   clock network delay (propagated)
                         -0.25    9.75   clock uncertainty
                          0.00    9.75   clock reconvergence pessimism
                         -2.00    7.75   output external delay
                                  7.75   data required time
-----------------------------------------------------------------------------
                                  7.75   data required time
                                 -7.66   data arrival time
-----------------------------------------------------------------------------
                                  0.09   slack (MET)


Startpoint: _13483_ (rising edge-triggered flip-flop clocked by clk)
Endpoint: _12922_ (rising edge-triggered flip-flop clocked by clk)
Path Group: clk
Path Type: max

Fanout     Cap    Slew   Delay    Time   Description
-----------------------------------------------------------------------------
                          0.00    0.00   clock clk (rise edge)
                          0.00    0.00   clock source latency
                  0.29    0.21    0.21 ^ clk (in)
     1    0.06                           clk (net)
                  0.29    0.00    0.21 ^ clkbuf_0_clk/A (sky130_fd_sc_hd__clkbuf_16)
                  0.06    0.23    0.44 ^ clkbuf_0_clk/X (sky130_fd_sc_hd__clkbuf_16)
     2    0.03                           clknet_0_clk (net)
                  0.06    0.00    0.44 ^ clkbuf_1_1_0_clk/A (sky130_fd_sc_hd__clkbuf_8)
                  0.07    0.16    0.60 ^ clkbuf_1_1_0_clk/X (sky130_fd_sc_hd__clkbuf_8)
     2    0.03                           clknet_1_1_0_clk (net)
                  0.07    0.00    0.60 ^ clkbuf_2_3_0_clk/A (sky130_fd_sc_hd__clkbuf_8)
                  0.07    0.16    0.76 ^ clkbuf_2_3_0_clk/X (sky130_fd_sc_hd__clkbuf_8)
     2    0.03                           clknet_2_3_0_clk (net)
                  0.07    0.00    0.76 ^ clkbuf_3_6_0_clk/A (sky130_fd_sc_hd__clkbuf_8)
                  0.06    0.15    0.91 ^ clkbuf_3_6_0_clk/X (sky130_fd_sc_hd__clkbuf_8)
     2    0.03                           clknet_3_6_0_clk (net)
                  0.06    0.00    0.91 ^ clkbuf_4_13_0_clk/A (sky130_fd_sc_hd__clkbuf_8)
                  0.18    0.24    1.16 ^ clkbuf_4_13_0_clk/X (sky130_fd_sc_hd__clkbuf_8)
     8    0.10                           clknet_4_13_0_clk (net)
                  0.18    0.00    1.16 ^ clkbuf_leaf_35_clk/A (sky130_fd_sc_hd__clkbuf_16)
                  0.04    0.18    1.34 ^ clkbuf_leaf_35_clk/X (sky130_fd_sc_hd__clkbuf_16)
     7    0.02                           clknet_leaf_35_clk (net)
                  0.04    0.00    1.35 ^ _13483_/CLK (sky130_fd_sc_hd__dfxtp_1)
                  0.09    0.36    1.71 v _13483_/Q (sky130_fd_sc_hd__dfxtp_1)
     5    0.02                           _158_[1] (net)
                  0.09    0.00    1.71 v _06545_/A (sky130_fd_sc_hd__or4_2)
                  0.15    0.78    2.49 v _06545_/X (sky130_fd_sc_hd__or4_2)
     5    0.02                           _01254_ (net)
                  0.15    0.00    2.49 v _06546_/C (sky130_fd_sc_hd__or3_1)
                  0.10    0.40    2.89 v _06546_/X (sky130_fd_sc_hd__or3_1)
     3    0.01                           _01255_ (net)
                  0.10    0.00    2.89 v _06547_/B (sky130_fd_sc_hd__or2_2)
                  0.11    0.38    3.28 v _06547_/X (sky130_fd_sc_hd__or2_2)
     4    0.02                           _01256_ (net)
                  0.11    0.00    3.28 v _06548_/C (sky130_fd_sc_hd__or3_1)
                  0.11    0.40    3.68 v _06548_/X (sky130_fd_sc_hd__or3_1)
     3    0.01                           _01257_ (net)
                  0.11    0.00    3.68 v _06549_/B (sky130_fd_sc_hd__or2_1)
                  0.09    0.30    3.98 v _06549_/X (sky130_fd_sc_hd__or2_1)
     4    0.01                           _01258_ (net)
                  0.09    0.00    3.98 v _06550_/C (sky130_fd_sc_hd__or3_1)
                  0.11    0.40    4.38 v _06550_/X (sky130_fd_sc_hd__or3_1)
     3    0.01                           _01259_ (net)
                  0.11    0.00    4.38 v _06551_/B (sky130_fd_sc_hd__or2_1)
                  0.11    0.32    4.69 v _06551_/X (sky130_fd_sc_hd__or2_1)
     4    0.02                           _01260_ (net)
                  0.11    0.00    4.69 v _06552_/C (sky130_fd_sc_hd__or3_1)
                  0.10    0.39    5.08 v _06552_/X (sky130_fd_sc_hd__or3_1)
     3    0.01                           _01261_ (net)
                  0.10    0.00    5.08 v _06553_/B (sky130_fd_sc_hd__or2_1)
                  0.10    0.30    5.38 v _06553_/X (sky130_fd_sc_hd__or2_1)
     4    0.01                           _01262_ (net)
                  0.10    0.00    5.38 v _06554_/C (sky130_fd_sc_hd__or3_1)
                  0.10    0.39    5.77 v _06554_/X (sky130_fd_sc_hd__or3_1)
     3    0.01                           _01263_ (net)
                  0.10    0.00    5.77 v _06555_/B (sky130_fd_sc_hd__or2_1)
                  0.11    0.31    6.08 v _06555_/X (sky130_fd_sc_hd__or2_1)
     4    0.02                           _01264_ (net)
                  0.11    0.00    6.08 v _06556_/C (sky130_fd_sc_hd__or3_1)
                  0.14    0.44    6.52 v _06556_/X (sky130_fd_sc_hd__or3_1)
     4    0.02                           _01265_ (net)
                  0.14    0.00    6.52 v _06594_/B (sky130_fd_sc_hd__nor2_2)
                  0.40    0.37    6.89 ^ _06594_/Y (sky130_fd_sc_hd__nor2_2)
     4    0.04                           _01297_ (net)
                  0.40    0.00    6.89 ^ _06605_/A (sky130_fd_sc_hd__nor2_1)
                  0.12    0.16    7.06 v _06605_/Y (sky130_fd_sc_hd__nor2_1)
     2    0.01                           _01308_ (net)
                  0.12    0.00    7.06 v _06606_/A (sky130_fd_sc_hd__inv_2)
                  0.07    0.11    7.17 ^ _06606_/Y (sky130_fd_sc_hd__inv_2)
     2    0.01                           _01309_ (net)
                  0.07    0.00    7.17 ^ _06662_/A3 (sky130_fd_sc_hd__a41o_1)
                  0.08    0.20    7.37 ^ _06662_/X (sky130_fd_sc_hd__a41o_1)
     2    0.01                           _01359_ (net)
                  0.08    0.00    7.37 ^ _06672_/C (sky130_fd_sc_hd__and3_2)
                  0.32    0.42    7.79 ^ _06672_/X (sky130_fd_sc_hd__and3_2)
     3    0.06                           _01366_ (net)
                  0.32    0.00    7.79 ^ _06719_/A (sky130_fd_sc_hd__buf_4)
                  0.19    0.31    8.10 ^ _06719_/X (sky130_fd_sc_hd__buf_4)
    10    0.07                           _01392_ (net)
                  0.19    0.00    8.10 ^ _06720_/A (sky130_fd_sc_hd__clkbuf_4)
                  0.17    0.29    8.39 ^ _06720_/X (sky130_fd_sc_hd__clkbuf_4)
    10    0.05                           _01393_ (net)
                  0.17    0.01    8.39 ^ _06721_/A (sky130_fd_sc_hd__buf_4)
                  0.23    0.30    8.69 ^ _06721_/X (sky130_fd_sc_hd__buf_4)
    10    0.08                           _01394_ (net)
                  0.23    0.01    8.70 ^ _06736_/S (sky130_fd_sc_hd__mux2_1)
                  0.06    0.37    9.08 v _06736_/X (sky130_fd_sc_hd__mux2_1)
     1    0.00                           _01402_ (net)
                  0.06    0.00    9.08 v _06737_/A (sky130_fd_sc_hd__clkbuf_1)
                  0.03    0.10    9.18 v _06737_/X (sky130_fd_sc_hd__clkbuf_1)
     1    0.00                           _00146_ (net)
                  0.03    0.00    9.18 v _12922_/D (sky130_fd_sc_hd__dfxtp_1)
                                  9.18   data arrival time

                         10.00   10.00   clock clk (rise edge)
                          0.00   10.00   clock source latency
                  0.29    0.19   10.19 ^ clk (in)
     1    0.06                           clk (net)
                  0.29    0.00   10.19 ^ clkbuf_0_clk/A (sky130_fd_sc_hd__clkbuf_16)
                  0.06    0.20   10.39 ^ clkbuf_0_clk/X (sky130_fd_sc_hd__clkbuf_16)
     2    0.03                           clknet_0_clk (net)
                  0.06    0.00   10.40 ^ clkbuf_1_1_0_clk/A (sky130_fd_sc_hd__clkbuf_8)
                  0.07    0.14   10.54 ^ clkbuf_1_1_0_clk/X (sky130_fd_sc_hd__clkbuf_8)
     2    0.03                           clknet_1_1_0_clk (net)
                  0.07    0.00   10.54 ^ clkbuf_2_2_0_clk/A (sky130_fd_sc_hd__clkbuf_8)
                  0.08    0.15   10.69 ^ clkbuf_2_2_0_clk/X (sky130_fd_sc_hd__clkbuf_8)
     2    0.04                           clknet_2_2_0_clk (net)
                  0.08    0.00   10.69 ^ clkbuf_3_5_0_clk/A (sky130_fd_sc_hd__clkbuf_8)
                  0.06    0.14   10.84 ^ clkbuf_3_5_0_clk/X (sky130_fd_sc_hd__clkbuf_8)
     2    0.02                           clknet_3_5_0_clk (net)
                  0.06    0.00   10.84 ^ clkbuf_4_11_0_clk/A (sky130_fd_sc_hd__clkbuf_8)
                  0.20    0.24   11.08 ^ clkbuf_4_11_0_clk/X (sky130_fd_sc_hd__clkbuf_8)
     9    0.12                           clknet_4_11_0_clk (net)
                  0.20    0.00   11.08 ^ clkbuf_leaf_88_clk/A (sky130_fd_sc_hd__clkbuf_16)
                  0.05    0.17   11.25 ^ clkbuf_leaf_88_clk/X (sky130_fd_sc_hd__clkbuf_16)
     7    0.02                           clknet_leaf_88_clk (net)
                  0.05    0.00   11.25 ^ _12922_/CLK (sky130_fd_sc_hd__dfxtp_1)
                         -0.25   11.00   clock uncertainty
                          0.06   11.06   clock reconvergence pessimism
                         -0.10   10.96   library setup time
                                 10.96   data required time
-----------------------------------------------------------------------------
                                 10.96   data required time
                                 -9.18   data arrival time
-----------------------------------------------------------------------------
                                  1.78   slack (MET)


Startpoint: _13483_ (rising edge-triggered flip-flop clocked by clk)
Endpoint: _12918_ (rising edge-triggered flip-flop clocked by clk)
Path Group: clk
Path Type: max

Fanout     Cap    Slew   Delay    Time   Description
-----------------------------------------------------------------------------
                          0.00    0.00   clock clk (rise edge)
                          0.00    0.00   clock source latency
                  0.29    0.21    0.21 ^ clk (in)
     1    0.06                           clk (net)
                  0.29    0.00    0.21 ^ clkbuf_0_clk/A (sky130_fd_sc_hd__clkbuf_16)
                  0.06    0.23    0.44 ^ clkbuf_0_clk/X (sky130_fd_sc_hd__clkbuf_16)
     2    0.03                           clknet_0_clk (net)
                  0.06    0.00    0.44 ^ clkbuf_1_1_0_clk/A (sky130_fd_sc_hd__clkbuf_8)
                  0.07    0.16    0.60 ^ clkbuf_1_1_0_clk/X (sky130_fd_sc_hd__clkbuf_8)
     2    0.03                           clknet_1_1_0_clk (net)
                  0.07    0.00    0.60 ^ clkbuf_2_3_0_clk/A (sky130_fd_sc_hd__clkbuf_8)
                  0.07    0.16    0.76 ^ clkbuf_2_3_0_clk/X (sky130_fd_sc_hd__clkbuf_8)
     2    0.03                           clknet_2_3_0_clk (net)
                  0.07    0.00    0.76 ^ clkbuf_3_6_0_clk/A (sky130_fd_sc_hd__clkbuf_8)
                  0.06    0.15    0.91 ^ clkbuf_3_6_0_clk/X (sky130_fd_sc_hd__clkbuf_8)
     2    0.03                           clknet_3_6_0_clk (net)
                  0.06    0.00    0.91 ^ clkbuf_4_13_0_clk/A (sky130_fd_sc_hd__clkbuf_8)
                  0.18    0.24    1.16 ^ clkbuf_4_13_0_clk/X (sky130_fd_sc_hd__clkbuf_8)
     8    0.10                           clknet_4_13_0_clk (net)
                  0.18    0.00    1.16 ^ clkbuf_leaf_35_clk/A (sky130_fd_sc_hd__clkbuf_16)
                  0.04    0.18    1.34 ^ clkbuf_leaf_35_clk/X (sky130_fd_sc_hd__clkbuf_16)
     7    0.02                           clknet_leaf_35_clk (net)
                  0.04    0.00    1.35 ^ _13483_/CLK (sky130_fd_sc_hd__dfxtp_1)
                  0.09    0.36    1.71 v _13483_/Q (sky130_fd_sc_hd__dfxtp_1)
     5    0.02                           _158_[1] (net)
                  0.09    0.00    1.71 v _06545_/A (sky130_fd_sc_hd__or4_2)
                  0.15    0.78    2.49 v _06545_/X (sky130_fd_sc_hd__or4_2)
     5    0.02                           _01254_ (net)
                  0.15    0.00    2.49 v _06546_/C (sky130_fd_sc_hd__or3_1)
                  0.10    0.40    2.89 v _06546_/X (sky130_fd_sc_hd__or3_1)
     3    0.01                           _01255_ (net)
                  0.10    0.00    2.89 v _06547_/B (sky130_fd_sc_hd__or2_2)
                  0.11    0.38    3.28 v _06547_/X (sky130_fd_sc_hd__or2_2)
     4    0.02                           _01256_ (net)
                  0.11    0.00    3.28 v _06548_/C (sky130_fd_sc_hd__or3_1)
                  0.11    0.40    3.68 v _06548_/X (sky130_fd_sc_hd__or3_1)
     3    0.01                           _01257_ (net)
                  0.11    0.00    3.68 v _06549_/B (sky130_fd_sc_hd__or2_1)
                  0.09    0.30    3.98 v _06549_/X (sky130_fd_sc_hd__or2_1)
     4    0.01                           _01258_ (net)
                  0.09    0.00    3.98 v _06550_/C (sky130_fd_sc_hd__or3_1)
                  0.11    0.40    4.38 v _06550_/X (sky130_fd_sc_hd__or3_1)
     3    0.01                           _01259_ (net)
                  0.11    0.00    4.38 v _06551_/B (sky130_fd_sc_hd__or2_1)
                  0.11    0.32    4.69 v _06551_/X (sky130_fd_sc_hd__or2_1)
     4    0.02                           _01260_ (net)
                  0.11    0.00    4.69 v _06552_/C (sky130_fd_sc_hd__or3_1)
                  0.10    0.39    5.08 v _06552_/X (sky130_fd_sc_hd__or3_1)
     3    0.01                           _01261_ (net)
                  0.10    0.00    5.08 v _06553_/B (sky130_fd_sc_hd__or2_1)
                  0.10    0.30    5.38 v _06553_/X (sky130_fd_sc_hd__or2_1)
     4    0.01                           _01262_ (net)
                  0.10    0.00    5.38 v _06554_/C (sky130_fd_sc_hd__or3_1)
                  0.10    0.39    5.77 v _06554_/X (sky130_fd_sc_hd__or3_1)
     3    0.01                           _01263_ (net)
                  0.10    0.00    5.77 v _06555_/B (sky130_fd_sc_hd__or2_1)
                  0.11    0.31    6.08 v _06555_/X (sky130_fd_sc_hd__or2_1)
     4    0.02                           _01264_ (net)
                  0.11    0.00    6.08 v _06556_/C (sky130_fd_sc_hd__or3_1)
                  0.14    0.44    6.52 v _06556_/X (sky130_fd_sc_hd__or3_1)
     4    0.02                           _01265_ (net)
                  0.14    0.00    6.52 v _06594_/B (sky130_fd_sc_hd__nor2_2)
                  0.40    0.37    6.89 ^ _06594_/Y (sky130_fd_sc_hd__nor2_2)
     4    0.04                           _01297_ (net)
                  0.40    0.00    6.89 ^ _06605_/A (sky130_fd_sc_hd__nor2_1)
                  0.12    0.16    7.06 v _06605_/Y (sky130_fd_sc_hd__nor2_1)
     2    0.01                           _01308_ (net)
                  0.12    0.00    7.06 v _06606_/A (sky130_fd_sc_hd__inv_2)
                  0.07    0.11    7.17 ^ _06606_/Y (sky130_fd_sc_hd__inv_2)
     2    0.01                           _01309_ (net)
                  0.07    0.00    7.17 ^ _06662_/A3 (sky130_fd_sc_hd__a41o_1)
                  0.08    0.20    7.37 ^ _06662_/X (sky130_fd_sc_hd__a41o_1)
     2    0.01                           _01359_ (net)
                  0.08    0.00    7.37 ^ _06672_/C (sky130_fd_sc_hd__and3_2)
                  0.32    0.42    7.79 ^ _06672_/X (sky130_fd_sc_hd__and3_2)
     3    0.06                           _01366_ (net)
                  0.32    0.00    7.79 ^ _06719_/A (sky130_fd_sc_hd__buf_4)
                  0.19    0.31    8.10 ^ _06719_/X (sky130_fd_sc_hd__buf_4)
    10    0.07                           _01392_ (net)
                  0.19    0.00    8.10 ^ _06720_/A (sky130_fd_sc_hd__clkbuf_4)
                  0.17    0.29    8.39 ^ _06720_/X (sky130_fd_sc_hd__clkbuf_4)
    10    0.05                           _01393_ (net)
                  0.17    0.01    8.39 ^ _06721_/A (sky130_fd_sc_hd__buf_4)
                  0.23    0.30    8.69 ^ _06721_/X (sky130_fd_sc_hd__buf_4)
    10    0.08                           _01394_ (net)
                  0.23    0.02    8.70 ^ _06728_/S (sky130_fd_sc_hd__mux2_1)
                  0.06    0.38    9.08 v _06728_/X (sky130_fd_sc_hd__mux2_1)
     1    0.00                           _01398_ (net)
                  0.06    0.00    9.08 v _06729_/A (sky130_fd_sc_hd__clkbuf_1)
                  0.03    0.10    9.18 v _06729_/X (sky130_fd_sc_hd__clkbuf_1)
     1    0.00                           _00142_ (net)
                  0.03    0.00    9.18 v _12918_/D (sky130_fd_sc_hd__dfxtp_1)
                                  9.18   data arrival time

                         10.00   10.00   clock clk (rise edge)
                          0.00   10.00   clock source latency
                  0.29    0.19   10.19 ^ clk (in)
     1    0.06                           clk (net)
                  0.29    0.00   10.19 ^ clkbuf_0_clk/A (sky130_fd_sc_hd__clkbuf_16)
                  0.06    0.20   10.39 ^ clkbuf_0_clk/X (sky130_fd_sc_hd__clkbuf_16)
     2    0.03                           clknet_0_clk (net)
                  0.06    0.00   10.40 ^ clkbuf_1_1_0_clk/A (sky130_fd_sc_hd__clkbuf_8)
                  0.07    0.14   10.54 ^ clkbuf_1_1_0_clk/X (sky130_fd_sc_hd__clkbuf_8)
     2    0.03                           clknet_1_1_0_clk (net)
                  0.07    0.00   10.54 ^ clkbuf_2_2_0_clk/A (sky130_fd_sc_hd__clkbuf_8)
                  0.08    0.15   10.69 ^ clkbuf_2_2_0_clk/X (sky130_fd_sc_hd__clkbuf_8)
     2    0.04                           clknet_2_2_0_clk (net)
                  0.08    0.00   10.69 ^ clkbuf_3_5_0_clk/A (sky130_fd_sc_hd__clkbuf_8)
                  0.06    0.14   10.84 ^ clkbuf_3_5_0_clk/X (sky130_fd_sc_hd__clkbuf_8)
     2    0.02                           clknet_3_5_0_clk (net)
                  0.06    0.00   10.84 ^ clkbuf_4_11_0_clk/A (sky130_fd_sc_hd__clkbuf_8)
                  0.20    0.24   11.08 ^ clkbuf_4_11_0_clk/X (sky130_fd_sc_hd__clkbuf_8)
     9    0.12                           clknet_4_11_0_clk (net)
                  0.20    0.00   11.08 ^ clkbuf_leaf_87_clk/A (sky130_fd_sc_hd__clkbuf_16)
                  0.05    0.18   11.25 ^ clkbuf_leaf_87_clk/X (sky130_fd_sc_hd__clkbuf_16)
     8    0.03                           clknet_leaf_87_clk (net)
                  0.05    0.00   11.25 ^ _12918_/CLK (sky130_fd_sc_hd__dfxtp_1)
                         -0.25   11.00   clock uncertainty
                          0.06   11.06   clock reconvergence pessimism
                         -0.10   10.96   library setup time
                                 10.96   data required time
-----------------------------------------------------------------------------
                                 10.96   data required time
                                 -9.18   data arrival time
-----------------------------------------------------------------------------
                                  1.78   slack (MET)


Startpoint: _13483_ (rising edge-triggered flip-flop clocked by clk)
Endpoint: _12919_ (rising edge-triggered flip-flop clocked by clk)
Path Group: clk
Path Type: max

Fanout     Cap    Slew   Delay    Time   Description
-----------------------------------------------------------------------------
                          0.00    0.00   clock clk (rise edge)
                          0.00    0.00   clock source latency
                  0.29    0.21    0.21 ^ clk (in)
     1    0.06                           clk (net)
                  0.29    0.00    0.21 ^ clkbuf_0_clk/A (sky130_fd_sc_hd__clkbuf_16)
                  0.06    0.23    0.44 ^ clkbuf_0_clk/X (sky130_fd_sc_hd__clkbuf_16)
     2    0.03                           clknet_0_clk (net)
                  0.06    0.00    0.44 ^ clkbuf_1_1_0_clk/A (sky130_fd_sc_hd__clkbuf_8)
                  0.07    0.16    0.60 ^ clkbuf_1_1_0_clk/X (sky130_fd_sc_hd__clkbuf_8)
     2    0.03                           clknet_1_1_0_clk (net)
                  0.07    0.00    0.60 ^ clkbuf_2_3_0_clk/A (sky130_fd_sc_hd__clkbuf_8)
                  0.07    0.16    0.76 ^ clkbuf_2_3_0_clk/X (sky130_fd_sc_hd__clkbuf_8)
     2    0.03                           clknet_2_3_0_clk (net)
                  0.07    0.00    0.76 ^ clkbuf_3_6_0_clk/A (sky130_fd_sc_hd__clkbuf_8)
                  0.06    0.15    0.91 ^ clkbuf_3_6_0_clk/X (sky130_fd_sc_hd__clkbuf_8)
     2    0.03                           clknet_3_6_0_clk (net)
                  0.06    0.00    0.91 ^ clkbuf_4_13_0_clk/A (sky130_fd_sc_hd__clkbuf_8)
                  0.18    0.24    1.16 ^ clkbuf_4_13_0_clk/X (sky130_fd_sc_hd__clkbuf_8)
     8    0.10                           clknet_4_13_0_clk (net)
                  0.18    0.00    1.16 ^ clkbuf_leaf_35_clk/A (sky130_fd_sc_hd__clkbuf_16)
                  0.04    0.18    1.34 ^ clkbuf_leaf_35_clk/X (sky130_fd_sc_hd__clkbuf_16)
     7    0.02                           clknet_leaf_35_clk (net)
                  0.04    0.00    1.35 ^ _13483_/CLK (sky130_fd_sc_hd__dfxtp_1)
                  0.09    0.36    1.71 v _13483_/Q (sky130_fd_sc_hd__dfxtp_1)
     5    0.02                           _158_[1] (net)
                  0.09    0.00    1.71 v _06545_/A (sky130_fd_sc_hd__or4_2)
                  0.15    0.78    2.49 v _06545_/X (sky130_fd_sc_hd__or4_2)
     5    0.02                           _01254_ (net)
                  0.15    0.00    2.49 v _06546_/C (sky130_fd_sc_hd__or3_1)
                  0.10    0.40    2.89 v _06546_/X (sky130_fd_sc_hd__or3_1)
     3    0.01                           _01255_ (net)
                  0.10    0.00    2.89 v _06547_/B (sky130_fd_sc_hd__or2_2)
                  0.11    0.38    3.28 v _06547_/X (sky130_fd_sc_hd__or2_2)
     4    0.02                           _01256_ (net)
                  0.11    0.00    3.28 v _06548_/C (sky130_fd_sc_hd__or3_1)
                  0.11    0.40    3.68 v _06548_/X (sky130_fd_sc_hd__or3_1)
     3    0.01                           _01257_ (net)
                  0.11    0.00    3.68 v _06549_/B (sky130_fd_sc_hd__or2_1)
                  0.09    0.30    3.98 v _06549_/X (sky130_fd_sc_hd__or2_1)
     4    0.01                           _01258_ (net)
                  0.09    0.00    3.98 v _06550_/C (sky130_fd_sc_hd__or3_1)
                  0.11    0.40    4.38 v _06550_/X (sky130_fd_sc_hd__or3_1)
     3    0.01                           _01259_ (net)
                  0.11    0.00    4.38 v _06551_/B (sky130_fd_sc_hd__or2_1)
                  0.11    0.32    4.69 v _06551_/X (sky130_fd_sc_hd__or2_1)
     4    0.02                           _01260_ (net)
                  0.11    0.00    4.69 v _06552_/C (sky130_fd_sc_hd__or3_1)
                  0.10    0.39    5.08 v _06552_/X (sky130_fd_sc_hd__or3_1)
     3    0.01                           _01261_ (net)
                  0.10    0.00    5.08 v _06553_/B (sky130_fd_sc_hd__or2_1)
                  0.10    0.30    5.38 v _06553_/X (sky130_fd_sc_hd__or2_1)
     4    0.01                           _01262_ (net)
                  0.10    0.00    5.38 v _06554_/C (sky130_fd_sc_hd__or3_1)
                  0.10    0.39    5.77 v _06554_/X (sky130_fd_sc_hd__or3_1)
     3    0.01                           _01263_ (net)
                  0.10    0.00    5.77 v _06555_/B (sky130_fd_sc_hd__or2_1)
                  0.11    0.31    6.08 v _06555_/X (sky130_fd_sc_hd__or2_1)
     4    0.02                           _01264_ (net)
                  0.11    0.00    6.08 v _06556_/C (sky130_fd_sc_hd__or3_1)
                  0.14    0.44    6.52 v _06556_/X (sky130_fd_sc_hd__or3_1)
     4    0.02                           _01265_ (net)
                  0.14    0.00    6.52 v _06594_/B (sky130_fd_sc_hd__nor2_2)
                  0.40    0.37    6.89 ^ _06594_/Y (sky130_fd_sc_hd__nor2_2)
     4    0.04                           _01297_ (net)
                  0.40    0.00    6.89 ^ _06605_/A (sky130_fd_sc_hd__nor2_1)
                  0.12    0.16    7.06 v _06605_/Y (sky130_fd_sc_hd__nor2_1)
     2    0.01                           _01308_ (net)
                  0.12    0.00    7.06 v _06606_/A (sky130_fd_sc_hd__inv_2)
                  0.07    0.11    7.17 ^ _06606_/Y (sky130_fd_sc_hd__inv_2)
     2    0.01                           _01309_ (net)
                  0.07    0.00    7.17 ^ _06662_/A3 (sky130_fd_sc_hd__a41o_1)
                  0.08    0.20    7.37 ^ _06662_/X (sky130_fd_sc_hd__a41o_1)
     2    0.01                           _01359_ (net)
                  0.08    0.00    7.37 ^ _06672_/C (sky130_fd_sc_hd__and3_2)
                  0.32    0.42    7.79 ^ _06672_/X (sky130_fd_sc_hd__and3_2)
     3    0.06                           _01366_ (net)
                  0.32    0.00    7.79 ^ _06719_/A (sky130_fd_sc_hd__buf_4)
                  0.19    0.31    8.10 ^ _06719_/X (sky130_fd_sc_hd__buf_4)
    10    0.07                           _01392_ (net)
                  0.19    0.00    8.10 ^ _06720_/A (sky130_fd_sc_hd__clkbuf_4)
                  0.17    0.29    8.39 ^ _06720_/X (sky130_fd_sc_hd__clkbuf_4)
    10    0.05                           _01393_ (net)
                  0.17    0.01    8.39 ^ _06721_/A (sky130_fd_sc_hd__buf_4)
                  0.23    0.30    8.69 ^ _06721_/X (sky130_fd_sc_hd__buf_4)
    10    0.08                           _01394_ (net)
                  0.23    0.01    8.70 ^ _06730_/S (sky130_fd_sc_hd__mux2_1)
                  0.06    0.38    9.08 v _06730_/X (sky130_fd_sc_hd__mux2_1)
     1    0.00                           _01399_ (net)
                  0.06    0.00    9.08 v _06731_/A (sky130_fd_sc_hd__clkbuf_1)
                  0.03    0.10    9.18 v _06731_/X (sky130_fd_sc_hd__clkbuf_1)
     1    0.00                           _00143_ (net)
                  0.03    0.00    9.18 v _12919_/D (sky130_fd_sc_hd__dfxtp_1)
                                  9.18   data arrival time

                         10.00   10.00   clock clk (rise edge)
                          0.00   10.00   clock source latency
                  0.29    0.19   10.19 ^ clk (in)
     1    0.06                           clk (net)
                  0.29    0.00   10.19 ^ clkbuf_0_clk/A (sky130_fd_sc_hd__clkbuf_16)
                  0.06    0.20   10.39 ^ clkbuf_0_clk/X (sky130_fd_sc_hd__clkbuf_16)
     2    0.03                           clknet_0_clk (net)
                  0.06    0.00   10.40 ^ clkbuf_1_1_0_clk/A (sky130_fd_sc_hd__clkbuf_8)
                  0.07    0.14   10.54 ^ clkbuf_1_1_0_clk/X (sky130_fd_sc_hd__clkbuf_8)
     2    0.03                           clknet_1_1_0_clk (net)
                  0.07    0.00   10.54 ^ clkbuf_2_2_0_clk/A (sky130_fd_sc_hd__clkbuf_8)
                  0.08    0.15   10.69 ^ clkbuf_2_2_0_clk/X (sky130_fd_sc_hd__clkbuf_8)
     2    0.04                           clknet_2_2_0_clk (net)
                  0.08    0.00   10.69 ^ clkbuf_3_5_0_clk/A (sky130_fd_sc_hd__clkbuf_8)
                  0.06    0.14   10.84 ^ clkbuf_3_5_0_clk/X (sky130_fd_sc_hd__clkbuf_8)
     2    0.02                           clknet_3_5_0_clk (net)
                  0.06    0.00   10.84 ^ clkbuf_4_11_0_clk/A (sky130_fd_sc_hd__clkbuf_8)
                  0.20    0.24   11.08 ^ clkbuf_4_11_0_clk/X (sky130_fd_sc_hd__clkbuf_8)
     9    0.12                           clknet_4_11_0_clk (net)
                  0.20    0.00   11.08 ^ clkbuf_leaf_73_clk/A (sky130_fd_sc_hd__clkbuf_16)
                  0.05    0.18   11.26 ^ clkbuf_leaf_73_clk/X (sky130_fd_sc_hd__clkbuf_16)
     8    0.03                           clknet_leaf_73_clk (net)
                  0.05    0.00   11.26 ^ _12919_/CLK (sky130_fd_sc_hd__dfxtp_1)
                         -0.25   11.01   clock uncertainty
                          0.06   11.06   clock reconvergence pessimism
                         -0.10   10.96   library setup time
                                 10.96   data required time
-----------------------------------------------------------------------------
                                 10.96   data required time
                                 -9.18   data arrival time
-----------------------------------------------------------------------------
                                  1.78   slack (MET)


Startpoint: _13483_ (rising edge-triggered flip-flop clocked by clk)
Endpoint: _13633_ (rising edge-triggered flip-flop clocked by clk)
Path Group: clk
Path Type: max

Fanout     Cap    Slew   Delay    Time   Description
-----------------------------------------------------------------------------
                          0.00    0.00   clock clk (rise edge)
                          0.00    0.00   clock source latency
                  0.29    0.21    0.21 ^ clk (in)
     1    0.06                           clk (net)
                  0.29    0.00    0.21 ^ clkbuf_0_clk/A (sky130_fd_sc_hd__clkbuf_16)
                  0.06    0.23    0.44 ^ clkbuf_0_clk/X (sky130_fd_sc_hd__clkbuf_16)
     2    0.03                           clknet_0_clk (net)
                  0.06    0.00    0.44 ^ clkbuf_1_1_0_clk/A (sky130_fd_sc_hd__clkbuf_8)
                  0.07    0.16    0.60 ^ clkbuf_1_1_0_clk/X (sky130_fd_sc_hd__clkbuf_8)
     2    0.03                           clknet_1_1_0_clk (net)
                  0.07    0.00    0.60 ^ clkbuf_2_3_0_clk/A (sky130_fd_sc_hd__clkbuf_8)
                  0.07    0.16    0.76 ^ clkbuf_2_3_0_clk/X (sky130_fd_sc_hd__clkbuf_8)
     2    0.03                           clknet_2_3_0_clk (net)
                  0.07    0.00    0.76 ^ clkbuf_3_6_0_clk/A (sky130_fd_sc_hd__clkbuf_8)
                  0.06    0.15    0.91 ^ clkbuf_3_6_0_clk/X (sky130_fd_sc_hd__clkbuf_8)
     2    0.03                           clknet_3_6_0_clk (net)
                  0.06    0.00    0.91 ^ clkbuf_4_13_0_clk/A (sky130_fd_sc_hd__clkbuf_8)
                  0.18    0.24    1.16 ^ clkbuf_4_13_0_clk/X (sky130_fd_sc_hd__clkbuf_8)
     8    0.10                           clknet_4_13_0_clk (net)
                  0.18    0.00    1.16 ^ clkbuf_leaf_35_clk/A (sky130_fd_sc_hd__clkbuf_16)
                  0.04    0.18    1.34 ^ clkbuf_leaf_35_clk/X (sky130_fd_sc_hd__clkbuf_16)
     7    0.02                           clknet_leaf_35_clk (net)
                  0.04    0.00    1.35 ^ _13483_/CLK (sky130_fd_sc_hd__dfxtp_1)
                  0.09    0.36    1.71 v _13483_/Q (sky130_fd_sc_hd__dfxtp_1)
     5    0.02                           _158_[1] (net)
                  0.09    0.00    1.71 v _06545_/A (sky130_fd_sc_hd__or4_2)
                  0.15    0.78    2.49 v _06545_/X (sky130_fd_sc_hd__or4_2)
     5    0.02                           _01254_ (net)
                  0.15    0.00    2.49 v _06546_/C (sky130_fd_sc_hd__or3_1)
                  0.10    0.40    2.89 v _06546_/X (sky130_fd_sc_hd__or3_1)
     3    0.01                           _01255_ (net)
                  0.10    0.00    2.89 v _06547_/B (sky130_fd_sc_hd__or2_2)
                  0.11    0.38    3.28 v _06547_/X (sky130_fd_sc_hd__or2_2)
     4    0.02                           _01256_ (net)
                  0.11    0.00    3.28 v _06548_/C (sky130_fd_sc_hd__or3_1)
                  0.11    0.40    3.68 v _06548_/X (sky130_fd_sc_hd__or3_1)
     3    0.01                           _01257_ (net)
                  0.11    0.00    3.68 v _06549_/B (sky130_fd_sc_hd__or2_1)
                  0.09    0.30    3.98 v _06549_/X (sky130_fd_sc_hd__or2_1)
     4    0.01                           _01258_ (net)
                  0.09    0.00    3.98 v _06550_/C (sky130_fd_sc_hd__or3_1)
                  0.11    0.40    4.38 v _06550_/X (sky130_fd_sc_hd__or3_1)
     3    0.01                           _01259_ (net)
                  0.11    0.00    4.38 v _06551_/B (sky130_fd_sc_hd__or2_1)
                  0.11    0.32    4.69 v _06551_/X (sky130_fd_sc_hd__or2_1)
     4    0.02                           _01260_ (net)
                  0.11    0.00    4.69 v _06552_/C (sky130_fd_sc_hd__or3_1)
                  0.10    0.39    5.08 v _06552_/X (sky130_fd_sc_hd__or3_1)
     3    0.01                           _01261_ (net)
                  0.10    0.00    5.08 v _06553_/B (sky130_fd_sc_hd__or2_1)
                  0.10    0.30    5.38 v _06553_/X (sky130_fd_sc_hd__or2_1)
     4    0.01                           _01262_ (net)
                  0.10    0.00    5.38 v _06554_/C (sky130_fd_sc_hd__or3_1)
                  0.10    0.39    5.77 v _06554_/X (sky130_fd_sc_hd__or3_1)
     3    0.01                           _01263_ (net)
                  0.10    0.00    5.77 v _06555_/B (sky130_fd_sc_hd__or2_1)
                  0.11    0.31    6.08 v _06555_/X (sky130_fd_sc_hd__or2_1)
     4    0.02                           _01264_ (net)
                  0.11    0.00    6.08 v _06556_/C (sky130_fd_sc_hd__or3_1)
                  0.14    0.44    6.52 v _06556_/X (sky130_fd_sc_hd__or3_1)
     4    0.02                           _01265_ (net)
                  0.14    0.00    6.52 v _06594_/B (sky130_fd_sc_hd__nor2_2)
                  0.40    0.37    6.89 ^ _06594_/Y (sky130_fd_sc_hd__nor2_2)
     4    0.04                           _01297_ (net)
                  0.40    0.00    6.89 ^ _06605_/A (sky130_fd_sc_hd__nor2_1)
                  0.12    0.16    7.06 v _06605_/Y (sky130_fd_sc_hd__nor2_1)
     2    0.01                           _01308_ (net)
                  0.12    0.00    7.06 v _06606_/A (sky130_fd_sc_hd__inv_2)
                  0.07    0.11    7.17 ^ _06606_/Y (sky130_fd_sc_hd__inv_2)
     2    0.01                           _01309_ (net)
                  0.07    0.00    7.17 ^ _06662_/A3 (sky130_fd_sc_hd__a41o_1)
                  0.08    0.20    7.37 ^ _06662_/X (sky130_fd_sc_hd__a41o_1)
     2    0.01                           _01359_ (net)
                  0.08    0.00    7.37 ^ _06672_/C (sky130_fd_sc_hd__and3_2)
                  0.32    0.42    7.79 ^ _06672_/X (sky130_fd_sc_hd__and3_2)
     3    0.06                           _01366_ (net)
                  0.32    0.00    7.79 ^ _06719_/A (sky130_fd_sc_hd__buf_4)
                  0.19    0.31    8.10 ^ _06719_/X (sky130_fd_sc_hd__buf_4)
    10    0.07                           _01392_ (net)
                  0.19    0.00    8.10 ^ _06720_/A (sky130_fd_sc_hd__clkbuf_4)
                  0.17    0.29    8.39 ^ _06720_/X (sky130_fd_sc_hd__clkbuf_4)
    10    0.05                           _01393_ (net)
                  0.17    0.01    8.39 ^ _06721_/A (sky130_fd_sc_hd__buf_4)
                  0.23    0.30    8.69 ^ _06721_/X (sky130_fd_sc_hd__buf_4)
    10    0.08                           _01394_ (net)
                  0.23    0.00    8.69 ^ _12145_/S (sky130_fd_sc_hd__mux2_1)
                  0.07    0.39    9.07 v _12145_/X (sky130_fd_sc_hd__mux2_1)
     1    0.01                           _06100_ (net)
                  0.07    0.00    9.07 v _12146_/A (sky130_fd_sc_hd__clkbuf_1)
                  0.03    0.10    9.18 v _12146_/X (sky130_fd_sc_hd__clkbuf_1)
     1    0.00                           _00852_ (net)
                  0.03    0.00    9.18 v _13633_/D (sky130_fd_sc_hd__dfxtp_1)
                                  9.18   data arrival time

                         10.00   10.00   clock clk (rise edge)
                          0.00   10.00   clock source latency
                  0.29    0.19   10.19 ^ clk (in)
     1    0.06                           clk (net)
                  0.29    0.00   10.19 ^ clkbuf_0_clk/A (sky130_fd_sc_hd__clkbuf_16)
                  0.06    0.20   10.39 ^ clkbuf_0_clk/X (sky130_fd_sc_hd__clkbuf_16)
     2    0.03                           clknet_0_clk (net)
                  0.06    0.00   10.40 ^ clkbuf_1_1_0_clk/A (sky130_fd_sc_hd__clkbuf_8)
                  0.07    0.14   10.54 ^ clkbuf_1_1_0_clk/X (sky130_fd_sc_hd__clkbuf_8)
     2    0.03                           clknet_1_1_0_clk (net)
                  0.07    0.00   10.54 ^ clkbuf_2_3_0_clk/A (sky130_fd_sc_hd__clkbuf_8)
                  0.07    0.14   10.68 ^ clkbuf_2_3_0_clk/X (sky130_fd_sc_hd__clkbuf_8)
     2    0.03                           clknet_2_3_0_clk (net)
                  0.07    0.00   10.69 ^ clkbuf_3_7_0_clk/A (sky130_fd_sc_hd__clkbuf_8)
                  0.05    0.13   10.82 ^ clkbuf_3_7_0_clk/X (sky130_fd_sc_hd__clkbuf_8)
     2    0.02                           clknet_3_7_0_clk (net)
                  0.05    0.00   10.82 ^ clkbuf_4_15_0_clk/A (sky130_fd_sc_hd__clkbuf_8)
                  0.19    0.23   11.04 ^ clkbuf_4_15_0_clk/X (sky130_fd_sc_hd__clkbuf_8)
     9    0.11                           clknet_4_15_0_clk (net)
                  0.19    0.01   11.05 ^ clkbuf_leaf_58_clk/A (sky130_fd_sc_hd__clkbuf_16)
                  0.06    0.18   11.23 ^ clkbuf_leaf_58_clk/X (sky130_fd_sc_hd__clkbuf_16)
    13    0.04                           clknet_leaf_58_clk (net)
                  0.06    0.00   11.24 ^ _13633_/CLK (sky130_fd_sc_hd__dfxtp_1)
                         -0.25   10.99   clock uncertainty
                          0.07   11.06   clock reconvergence pessimism
                         -0.10   10.96   library setup time
                                 10.96   data required time
-----------------------------------------------------------------------------
                                 10.96   data required time
                                 -9.18   data arrival time
-----------------------------------------------------------------------------
                                  1.78   slack (MET)


