
===========================================================================
report_checks -path_delay max (Setup)
============================================================================
Startpoint: rst (input port clocked by clk)
Endpoint: _13185_ (recovery check against rising-edge clock clk)
Path Group: **async_default**
Path Type: max

Fanout     Cap    Slew   Delay    Time   Description
-----------------------------------------------------------------------------
                          0.00    0.00   clock clk (rise edge)
                          0.00    0.00   clock network delay (propagated)
                          2.00    2.00 v input external delay
                  0.01    0.01    2.01 v rst (in)
     1    0.00                           rst (net)
                  0.01    0.00    2.01 v input34/A (sky130_fd_sc_hd__buf_4)
                  0.07    0.17    2.18 v input34/X (sky130_fd_sc_hd__buf_4)
     6    0.05                           net34 (net)
                  0.08    0.01    2.19 v _06756_/B1 (sky130_fd_sc_hd__a21o_2)
                  0.10    0.28    2.47 v _06756_/X (sky130_fd_sc_hd__a21o_2)
     3    0.03                           _01416_ (net)
                  0.10    0.00    2.47 v _06757_/A (sky130_fd_sc_hd__buf_4)
                  0.08    0.22    2.69 v _06757_/X (sky130_fd_sc_hd__buf_4)
    10    0.05                           _01417_ (net)
                  0.08    0.01    2.70 v _06758_/A (sky130_fd_sc_hd__clkbuf_4)
                  0.09    0.22    2.92 v _06758_/X (sky130_fd_sc_hd__clkbuf_4)
    10    0.04                           _01418_ (net)
                  0.09    0.00    2.92 v _09463_/A (sky130_fd_sc_hd__buf_6)
                  0.07    0.19    3.11 v _09463_/X (sky130_fd_sc_hd__buf_6)
    10    0.07                           _03866_ (net)
                  0.07    0.01    3.12 v _09464_/A (sky130_fd_sc_hd__inv_2)
                  0.04    0.06    3.18 ^ _09464_/Y (sky130_fd_sc_hd__inv_2)
     1    0.01                           _00106_ (net)
                  0.04    0.00    3.18 ^ _13185_/RESET_B (sky130_fd_sc_hd__dfrtp_2)
                                  3.18   data arrival time

                         10.00   10.00   clock clk (rise edge)
                          0.00   10.00   clock source latency
                  0.16    0.10   10.10 ^ clk (in)
     1    0.03                           clk (net)
                  0.16    0.00   10.10 ^ clkbuf_0_clk/A (sky130_fd_sc_hd__clkbuf_16)
                  0.04    0.16   10.26 ^ clkbuf_0_clk/X (sky130_fd_sc_hd__clkbuf_16)
     2    0.02                           clknet_0_clk (net)
                  0.04    0.00   10.26 ^ clkbuf_1_0_0_clk/A (sky130_fd_sc_hd__clkbuf_8)
                  0.05    0.13   10.39 ^ clkbuf_1_0_0_clk/X (sky130_fd_sc_hd__clkbuf_8)
     2    0.02                           clknet_1_0_0_clk (net)
                  0.05    0.00   10.39 ^ clkbuf_2_1_0_clk/A (sky130_fd_sc_hd__clkbuf_8)
                  0.05    0.13   10.52 ^ clkbuf_2_1_0_clk/X (sky130_fd_sc_hd__clkbuf_8)
     2    0.02                           clknet_2_1_0_clk (net)
                  0.05    0.00   10.52 ^ clkbuf_3_2_0_clk/A (sky130_fd_sc_hd__clkbuf_8)
                  0.05    0.12   10.64 ^ clkbuf_3_2_0_clk/X (sky130_fd_sc_hd__clkbuf_8)
     2    0.02                           clknet_3_2_0_clk (net)
                  0.05    0.00   10.64 ^ clkbuf_4_5_0_clk/A (sky130_fd_sc_hd__clkbuf_8)
                  0.17    0.21   10.85 ^ clkbuf_4_5_0_clk/X (sky130_fd_sc_hd__clkbuf_8)
     9    0.10                           clknet_4_5_0_clk (net)
                  0.17    0.00   10.86 ^ clkbuf_leaf_33_clk/A (sky130_fd_sc_hd__clkbuf_16)
                  0.04    0.15   11.01 ^ clkbuf_leaf_33_clk/X (sky130_fd_sc_hd__clkbuf_16)
     5    0.01                           clknet_leaf_33_clk (net)
                  0.04    0.00   11.01 ^ _13185_/CLK (sky130_fd_sc_hd__dfrtp_2)
                         -0.25   10.76   clock uncertainty
                          0.00   10.76   clock reconvergence pessimism
                          0.22   10.98   library recovery time
                                 10.98   data required time
-----------------------------------------------------------------------------
                                 10.98   data required time
                                 -3.18   data arrival time
-----------------------------------------------------------------------------
                                  7.80   slack (MET)


Startpoint: rst (input port clocked by clk)
Endpoint: _13187_ (recovery check against rising-edge clock clk)
Path Group: **async_default**
Path Type: max

Fanout     Cap    Slew   Delay    Time   Description
-----------------------------------------------------------------------------
                          0.00    0.00   clock clk (rise edge)
                          0.00    0.00   clock network delay (propagated)
                          2.00    2.00 v input external delay
                  0.01    0.01    2.01 v rst (in)
     1    0.00                           rst (net)
                  0.01    0.00    2.01 v input34/A (sky130_fd_sc_hd__buf_4)
                  0.07    0.17    2.18 v input34/X (sky130_fd_sc_hd__buf_4)
     6    0.05                           net34 (net)
                  0.08    0.01    2.19 v _06756_/B1 (sky130_fd_sc_hd__a21o_2)
                  0.10    0.28    2.47 v _06756_/X (sky130_fd_sc_hd__a21o_2)
     3    0.03                           _01416_ (net)
                  0.10    0.00    2.47 v _06757_/A (sky130_fd_sc_hd__buf_4)
                  0.08    0.22    2.69 v _06757_/X (sky130_fd_sc_hd__buf_4)
    10    0.05                           _01417_ (net)
                  0.08    0.01    2.70 v _06758_/A (sky130_fd_sc_hd__clkbuf_4)
                  0.09    0.22    2.92 v _06758_/X (sky130_fd_sc_hd__clkbuf_4)
    10    0.04                           _01418_ (net)
                  0.09    0.00    2.92 v _09463_/A (sky130_fd_sc_hd__buf_6)
                  0.07    0.19    3.11 v _09463_/X (sky130_fd_sc_hd__buf_6)
    10    0.07                           _03866_ (net)
                  0.07    0.01    3.12 v _09466_/A (sky130_fd_sc_hd__inv_2)
                  0.03    0.06    3.18 ^ _09466_/Y (sky130_fd_sc_hd__inv_2)
     1    0.00                           _00108_ (net)
                  0.03    0.00    3.18 ^ _13187_/RESET_B (sky130_fd_sc_hd__dfrtp_4)
                                  3.18   data arrival time

                         10.00   10.00   clock clk (rise edge)
                          0.00   10.00   clock source latency
                  0.16    0.10   10.10 ^ clk (in)
     1    0.03                           clk (net)
                  0.16    0.00   10.10 ^ clkbuf_0_clk/A (sky130_fd_sc_hd__clkbuf_16)
                  0.04    0.16   10.26 ^ clkbuf_0_clk/X (sky130_fd_sc_hd__clkbuf_16)
     2    0.02                           clknet_0_clk (net)
                  0.04    0.00   10.26 ^ clkbuf_1_0_0_clk/A (sky130_fd_sc_hd__clkbuf_8)
                  0.05    0.13   10.39 ^ clkbuf_1_0_0_clk/X (sky130_fd_sc_hd__clkbuf_8)
     2    0.02                           clknet_1_0_0_clk (net)
                  0.05    0.00   10.39 ^ clkbuf_2_1_0_clk/A (sky130_fd_sc_hd__clkbuf_8)
                  0.05    0.13   10.52 ^ clkbuf_2_1_0_clk/X (sky130_fd_sc_hd__clkbuf_8)
     2    0.02                           clknet_2_1_0_clk (net)
                  0.05    0.00   10.52 ^ clkbuf_3_2_0_clk/A (sky130_fd_sc_hd__clkbuf_8)
                  0.05    0.12   10.64 ^ clkbuf_3_2_0_clk/X (sky130_fd_sc_hd__clkbuf_8)
     2    0.02                           clknet_3_2_0_clk (net)
                  0.05    0.00   10.64 ^ clkbuf_4_5_0_clk/A (sky130_fd_sc_hd__clkbuf_8)
                  0.17    0.21   10.85 ^ clkbuf_4_5_0_clk/X (sky130_fd_sc_hd__clkbuf_8)
     9    0.10                           clknet_4_5_0_clk (net)
                  0.17    0.00   10.86 ^ clkbuf_leaf_33_clk/A (sky130_fd_sc_hd__clkbuf_16)
                  0.04    0.15   11.01 ^ clkbuf_leaf_33_clk/X (sky130_fd_sc_hd__clkbuf_16)
     5    0.01                           clknet_leaf_33_clk (net)
                  0.04    0.00   11.01 ^ _13187_/CLK (sky130_fd_sc_hd__dfrtp_4)
                         -0.25   10.76   clock uncertainty
                          0.00   10.76   clock reconvergence pessimism
                          0.22   10.98   library recovery time
                                 10.98   data required time
-----------------------------------------------------------------------------
                                 10.98   data required time
                                 -3.18   data arrival time
-----------------------------------------------------------------------------
                                  7.81   slack (MET)


Startpoint: rst (input port clocked by clk)
Endpoint: _13481_ (recovery check against rising-edge clock clk)
Path Group: **async_default**
Path Type: max

Fanout     Cap    Slew   Delay    Time   Description
-----------------------------------------------------------------------------
                          0.00    0.00   clock clk (rise edge)
                          0.00    0.00   clock network delay (propagated)
                          2.00    2.00 v input external delay
                  0.01    0.01    2.01 v rst (in)
     1    0.00                           rst (net)
                  0.01    0.00    2.01 v input34/A (sky130_fd_sc_hd__buf_4)
                  0.07    0.17    2.18 v input34/X (sky130_fd_sc_hd__buf_4)
     6    0.05                           net34 (net)
                  0.08    0.01    2.19 v _06756_/B1 (sky130_fd_sc_hd__a21o_2)
                  0.10    0.28    2.47 v _06756_/X (sky130_fd_sc_hd__a21o_2)
     3    0.03                           _01416_ (net)
                  0.10    0.00    2.47 v _06757_/A (sky130_fd_sc_hd__buf_4)
                  0.08    0.22    2.69 v _06757_/X (sky130_fd_sc_hd__buf_4)
    10    0.05                           _01417_ (net)
                  0.08    0.01    2.70 v _06758_/A (sky130_fd_sc_hd__clkbuf_4)
                  0.09    0.22    2.92 v _06758_/X (sky130_fd_sc_hd__clkbuf_4)
    10    0.04                           _01418_ (net)
                  0.09    0.00    2.92 v _09463_/A (sky130_fd_sc_hd__buf_6)
                  0.07    0.19    3.11 v _09463_/X (sky130_fd_sc_hd__buf_6)
    10    0.07                           _03866_ (net)
                  0.07    0.01    3.11 v _11083_/A (sky130_fd_sc_hd__inv_2)
                  0.03    0.06    3.18 ^ _11083_/Y (sky130_fd_sc_hd__inv_2)
     1    0.00                           _00114_ (net)
                  0.03    0.00    3.18 ^ _13481_/RESET_B (sky130_fd_sc_hd__dfrtp_1)
                                  3.18   data arrival time

                         10.00   10.00   clock clk (rise edge)
                          0.00   10.00   clock source latency
                  0.16    0.10   10.10 ^ clk (in)
     1    0.03                           clk (net)
                  0.16    0.00   10.10 ^ clkbuf_0_clk/A (sky130_fd_sc_hd__clkbuf_16)
                  0.04    0.16   10.26 ^ clkbuf_0_clk/X (sky130_fd_sc_hd__clkbuf_16)
     2    0.02                           clknet_0_clk (net)
                  0.04    0.00   10.26 ^ clkbuf_1_0_0_clk/A (sky130_fd_sc_hd__clkbuf_8)
                  0.05    0.13   10.39 ^ clkbuf_1_0_0_clk/X (sky130_fd_sc_hd__clkbuf_8)
     2    0.02                           clknet_1_0_0_clk (net)
                  0.05    0.00   10.39 ^ clkbuf_2_1_0_clk/A (sky130_fd_sc_hd__clkbuf_8)
                  0.05    0.13   10.52 ^ clkbuf_2_1_0_clk/X (sky130_fd_sc_hd__clkbuf_8)
     2    0.02                           clknet_2_1_0_clk (net)
                  0.05    0.00   10.52 ^ clkbuf_3_2_0_clk/A (sky130_fd_sc_hd__clkbuf_8)
                  0.05    0.12   10.64 ^ clkbuf_3_2_0_clk/X (sky130_fd_sc_hd__clkbuf_8)
     2    0.02                           clknet_3_2_0_clk (net)
                  0.05    0.00   10.64 ^ clkbuf_4_5_0_clk/A (sky130_fd_sc_hd__clkbuf_8)
                  0.17    0.21   10.85 ^ clkbuf_4_5_0_clk/X (sky130_fd_sc_hd__clkbuf_8)
     9    0.10                           clknet_4_5_0_clk (net)
                  0.17    0.00   10.86 ^ clkbuf_leaf_32_clk/A (sky130_fd_sc_hd__clkbuf_16)
                  0.03    0.15   11.01 ^ clkbuf_leaf_32_clk/X (sky130_fd_sc_hd__clkbuf_16)
     3    0.01                           clknet_leaf_32_clk (net)
                  0.03    0.00   11.01 ^ _13481_/CLK (sky130_fd_sc_hd__dfrtp_1)
                         -0.25   10.76   clock uncertainty
                          0.00   10.76   clock reconvergence pessimism
                          0.23   10.99   library recovery time
                                 10.99   data required time
-----------------------------------------------------------------------------
                                 10.99   data required time
                                 -3.18   data arrival time
-----------------------------------------------------------------------------
                                  7.81   slack (MET)


Startpoint: rst (input port clocked by clk)
Endpoint: _13188_ (recovery check against rising-edge clock clk)
Path Group: **async_default**
Path Type: max

Fanout     Cap    Slew   Delay    Time   Description
-----------------------------------------------------------------------------
                          0.00    0.00   clock clk (rise edge)
                          0.00    0.00   clock network delay (propagated)
                          2.00    2.00 v input external delay
                  0.01    0.01    2.01 v rst (in)
     1    0.00                           rst (net)
                  0.01    0.00    2.01 v input34/A (sky130_fd_sc_hd__buf_4)
                  0.07    0.17    2.18 v input34/X (sky130_fd_sc_hd__buf_4)
     6    0.05                           net34 (net)
                  0.08    0.01    2.19 v _06756_/B1 (sky130_fd_sc_hd__a21o_2)
                  0.10    0.28    2.47 v _06756_/X (sky130_fd_sc_hd__a21o_2)
     3    0.03                           _01416_ (net)
                  0.10    0.00    2.47 v _06757_/A (sky130_fd_sc_hd__buf_4)
                  0.08    0.22    2.69 v _06757_/X (sky130_fd_sc_hd__buf_4)
    10    0.05                           _01417_ (net)
                  0.08    0.01    2.70 v _06758_/A (sky130_fd_sc_hd__clkbuf_4)
                  0.09    0.22    2.92 v _06758_/X (sky130_fd_sc_hd__clkbuf_4)
    10    0.04                           _01418_ (net)
                  0.09    0.00    2.92 v _09463_/A (sky130_fd_sc_hd__buf_6)
                  0.07    0.19    3.11 v _09463_/X (sky130_fd_sc_hd__buf_6)
    10    0.07                           _03866_ (net)
                  0.07    0.01    3.12 v _09467_/A (sky130_fd_sc_hd__inv_2)
                  0.04    0.06    3.18 ^ _09467_/Y (sky130_fd_sc_hd__inv_2)
     1    0.01                           _00109_ (net)
                  0.04    0.00    3.18 ^ _13188_/RESET_B (sky130_fd_sc_hd__dfrtp_1)
                                  3.18   data arrival time

                         10.00   10.00   clock clk (rise edge)
                          0.00   10.00   clock source latency
                  0.16    0.10   10.10 ^ clk (in)
     1    0.03                           clk (net)
                  0.16    0.00   10.10 ^ clkbuf_0_clk/A (sky130_fd_sc_hd__clkbuf_16)
                  0.04    0.16   10.26 ^ clkbuf_0_clk/X (sky130_fd_sc_hd__clkbuf_16)
     2    0.02                           clknet_0_clk (net)
                  0.04    0.00   10.26 ^ clkbuf_1_0_0_clk/A (sky130_fd_sc_hd__clkbuf_8)
                  0.05    0.13   10.39 ^ clkbuf_1_0_0_clk/X (sky130_fd_sc_hd__clkbuf_8)
     2    0.02                           clknet_1_0_0_clk (net)
                  0.05    0.00   10.39 ^ clkbuf_2_1_0_clk/A (sky130_fd_sc_hd__clkbuf_8)
                  0.05    0.13   10.52 ^ clkbuf_2_1_0_clk/X (sky130_fd_sc_hd__clkbuf_8)
     2    0.02                           clknet_2_1_0_clk (net)
                  0.05    0.00   10.52 ^ clkbuf_3_2_0_clk/A (sky130_fd_sc_hd__clkbuf_8)
                  0.05    0.12   10.64 ^ clkbuf_3_2_0_clk/X (sky130_fd_sc_hd__clkbuf_8)
     2    0.02                           clknet_3_2_0_clk (net)
                  0.05    0.00   10.64 ^ clkbuf_4_5_0_clk/A (sky130_fd_sc_hd__clkbuf_8)
                  0.17    0.21   10.85 ^ clkbuf_4_5_0_clk/X (sky130_fd_sc_hd__clkbuf_8)
     9    0.10                           clknet_4_5_0_clk (net)
                  0.17    0.00   10.86 ^ clkbuf_leaf_33_clk/A (sky130_fd_sc_hd__clkbuf_16)
                  0.04    0.15   11.01 ^ clkbuf_leaf_33_clk/X (sky130_fd_sc_hd__clkbuf_16)
     5    0.01                           clknet_leaf_33_clk (net)
                  0.04    0.00   11.01 ^ _13188_/CLK (sky130_fd_sc_hd__dfrtp_1)
                         -0.25   10.76   clock uncertainty
                          0.00   10.76   clock reconvergence pessimism
                          0.23   10.99   library recovery time
                                 10.99   data required time
-----------------------------------------------------------------------------
                                 10.99   data required time
                                 -3.18   data arrival time
-----------------------------------------------------------------------------
                                  7.82   slack (MET)


Startpoint: rst (input port clocked by clk)
Endpoint: _13186_ (recovery check against rising-edge clock clk)
Path Group: **async_default**
Path Type: max

Fanout     Cap    Slew   Delay    Time   Description
-----------------------------------------------------------------------------
                          0.00    0.00   clock clk (rise edge)
                          0.00    0.00   clock network delay (propagated)
                          2.00    2.00 v input external delay
                  0.01    0.01    2.01 v rst (in)
     1    0.00                           rst (net)
                  0.01    0.00    2.01 v input34/A (sky130_fd_sc_hd__buf_4)
                  0.07    0.17    2.18 v input34/X (sky130_fd_sc_hd__buf_4)
     6    0.05                           net34 (net)
                  0.08    0.01    2.19 v _06756_/B1 (sky130_fd_sc_hd__a21o_2)
                  0.10    0.28    2.47 v _06756_/X (sky130_fd_sc_hd__a21o_2)
     3    0.03                           _01416_ (net)
                  0.10    0.00    2.47 v _06757_/A (sky130_fd_sc_hd__buf_4)
                  0.08    0.22    2.69 v _06757_/X (sky130_fd_sc_hd__buf_4)
    10    0.05                           _01417_ (net)
                  0.08    0.01    2.70 v _06758_/A (sky130_fd_sc_hd__clkbuf_4)
                  0.09    0.22    2.92 v _06758_/X (sky130_fd_sc_hd__clkbuf_4)
    10    0.04                           _01418_ (net)
                  0.09    0.00    2.92 v _09463_/A (sky130_fd_sc_hd__buf_6)
                  0.07    0.19    3.11 v _09463_/X (sky130_fd_sc_hd__buf_6)
    10    0.07                           _03866_ (net)
                  0.07    0.01    3.12 v _09465_/A (sky130_fd_sc_hd__inv_2)
                  0.04    0.06    3.18 ^ _09465_/Y (sky130_fd_sc_hd__inv_2)
     1    0.01                           _00107_ (net)
                  0.04    0.00    3.18 ^ _13186_/RESET_B (sky130_fd_sc_hd__dfrtp_1)
                                  3.18   data arrival time

                         10.00   10.00   clock clk (rise edge)
                          0.00   10.00   clock source latency
                  0.16    0.10   10.10 ^ clk (in)
     1    0.03                           clk (net)
                  0.16    0.00   10.10 ^ clkbuf_0_clk/A (sky130_fd_sc_hd__clkbuf_16)
                  0.04    0.16   10.26 ^ clkbuf_0_clk/X (sky130_fd_sc_hd__clkbuf_16)
     2    0.02                           clknet_0_clk (net)
                  0.04    0.00   10.26 ^ clkbuf_1_0_0_clk/A (sky130_fd_sc_hd__clkbuf_8)
                  0.05    0.13   10.39 ^ clkbuf_1_0_0_clk/X (sky130_fd_sc_hd__clkbuf_8)
     2    0.02                           clknet_1_0_0_clk (net)
                  0.05    0.00   10.39 ^ clkbuf_2_1_0_clk/A (sky130_fd_sc_hd__clkbuf_8)
                  0.05    0.13   10.52 ^ clkbuf_2_1_0_clk/X (sky130_fd_sc_hd__clkbuf_8)
     2    0.02                           clknet_2_1_0_clk (net)
                  0.05    0.00   10.52 ^ clkbuf_3_2_0_clk/A (sky130_fd_sc_hd__clkbuf_8)
                  0.05    0.12   10.64 ^ clkbuf_3_2_0_clk/X (sky130_fd_sc_hd__clkbuf_8)
     2    0.02                           clknet_3_2_0_clk (net)
                  0.05    0.00   10.64 ^ clkbuf_4_5_0_clk/A (sky130_fd_sc_hd__clkbuf_8)
                  0.17    0.21   10.85 ^ clkbuf_4_5_0_clk/X (sky130_fd_sc_hd__clkbuf_8)
     9    0.10                           clknet_4_5_0_clk (net)
                  0.17    0.00   10.86 ^ clkbuf_leaf_33_clk/A (sky130_fd_sc_hd__clkbuf_16)
                  0.04    0.15   11.01 ^ clkbuf_leaf_33_clk/X (sky130_fd_sc_hd__clkbuf_16)
     5    0.01                           clknet_leaf_33_clk (net)
                  0.04    0.00   11.01 ^ _13186_/CLK (sky130_fd_sc_hd__dfrtp_1)
                         -0.25   10.76   clock uncertainty
                          0.00   10.76   clock reconvergence pessimism
                          0.23   10.99   library recovery time
                                 10.99   data required time
-----------------------------------------------------------------------------
                                 10.99   data required time
                                 -3.18   data arrival time
-----------------------------------------------------------------------------
                                  7.82   slack (MET)


Startpoint: _13483_ (rising edge-triggered flip-flop clocked by clk)
Endpoint: src_read (output port clocked by clk)
Path Group: clk
Path Type: max

Fanout     Cap    Slew   Delay    Time   Description
-----------------------------------------------------------------------------
                          0.00    0.00   clock clk (rise edge)
                          0.00    0.00   clock source latency
                  0.16    0.12    0.12 ^ clk (in)
     1    0.03                           clk (net)
                  0.16    0.00    0.12 ^ clkbuf_0_clk/A (sky130_fd_sc_hd__clkbuf_16)
                  0.04    0.17    0.29 ^ clkbuf_0_clk/X (sky130_fd_sc_hd__clkbuf_16)
     2    0.02                           clknet_0_clk (net)
                  0.04    0.00    0.29 ^ clkbuf_1_1_0_clk/A (sky130_fd_sc_hd__clkbuf_8)
                  0.05    0.14    0.43 ^ clkbuf_1_1_0_clk/X (sky130_fd_sc_hd__clkbuf_8)
     2    0.02                           clknet_1_1_0_clk (net)
                  0.05    0.00    0.43 ^ clkbuf_2_3_0_clk/A (sky130_fd_sc_hd__clkbuf_8)
                  0.05    0.14    0.57 ^ clkbuf_2_3_0_clk/X (sky130_fd_sc_hd__clkbuf_8)
     2    0.02                           clknet_2_3_0_clk (net)
                  0.05    0.00    0.58 ^ clkbuf_3_6_0_clk/A (sky130_fd_sc_hd__clkbuf_8)
                  0.05    0.14    0.71 ^ clkbuf_3_6_0_clk/X (sky130_fd_sc_hd__clkbuf_8)
     2    0.02                           clknet_3_6_0_clk (net)
                  0.05    0.00    0.71 ^ clkbuf_4_13_0_clk/A (sky130_fd_sc_hd__clkbuf_8)
                  0.15    0.22    0.93 ^ clkbuf_4_13_0_clk/X (sky130_fd_sc_hd__clkbuf_8)
     8    0.08                           clknet_4_13_0_clk (net)
                  0.15    0.00    0.93 ^ clkbuf_leaf_35_clk/A (sky130_fd_sc_hd__clkbuf_16)
                  0.04    0.17    1.11 ^ clkbuf_leaf_35_clk/X (sky130_fd_sc_hd__clkbuf_16)
     7    0.02                           clknet_leaf_35_clk (net)
                  0.04    0.00    1.11 ^ _13483_/CLK (sky130_fd_sc_hd__dfxtp_1)
                  0.08    0.36    1.47 v _13483_/Q (sky130_fd_sc_hd__dfxtp_1)
     5    0.02                           _158_[1] (net)
                  0.08    0.00    1.47 v _06545_/A (sky130_fd_sc_hd__or4_2)
                  0.14    0.77    2.24 v _06545_/X (sky130_fd_sc_hd__or4_2)
     5    0.01                           _01254_ (net)
                  0.14    0.00    2.24 v _06546_/C (sky130_fd_sc_hd__or3_1)
                  0.10    0.39    2.63 v _06546_/X (sky130_fd_sc_hd__or3_1)
     3    0.01                           _01255_ (net)
                  0.10    0.00    2.63 v _06547_/B (sky130_fd_sc_hd__or2_2)
                  0.09    0.36    3.00 v _06547_/X (sky130_fd_sc_hd__or2_2)
     4    0.02                           _01256_ (net)
                  0.09    0.00    3.00 v _06548_/C (sky130_fd_sc_hd__or3_1)
                  0.10    0.38    3.38 v _06548_/X (sky130_fd_sc_hd__or3_1)
     3    0.01                           _01257_ (net)
                  0.10    0.00    3.38 v _06549_/B (sky130_fd_sc_hd__or2_1)
                  0.09    0.29    3.67 v _06549_/X (sky130_fd_sc_hd__or2_1)
     4    0.01                           _01258_ (net)
                  0.09    0.00    3.67 v _06550_/C (sky130_fd_sc_hd__or3_1)
                  0.10    0.38    4.05 v _06550_/X (sky130_fd_sc_hd__or3_1)
     3    0.01                           _01259_ (net)
                  0.10    0.00    4.05 v _06551_/B (sky130_fd_sc_hd__or2_1)
                  0.10    0.30    4.35 v _06551_/X (sky130_fd_sc_hd__or2_1)
     4    0.02                           _01260_ (net)
                  0.10    0.00    4.35 v _06552_/C (sky130_fd_sc_hd__or3_1)
                  0.10    0.38    4.73 v _06552_/X (sky130_fd_sc_hd__or3_1)
     3    0.01                           _01261_ (net)
                  0.10    0.00    4.73 v _06553_/B (sky130_fd_sc_hd__or2_1)
                  0.09    0.29    5.02 v _06553_/X (sky130_fd_sc_hd__or2_1)
     4    0.01                           _01262_ (net)
                  0.09    0.00    5.02 v _06554_/C (sky130_fd_sc_hd__or3_1)
                  0.10    0.38    5.40 v _06554_/X (sky130_fd_sc_hd__or3_1)
     3    0.01                           _01263_ (net)
                  0.10    0.00    5.40 v _06555_/B (sky130_fd_sc_hd__or2_1)
                  0.10    0.30    5.70 v _06555_/X (sky130_fd_sc_hd__or2_1)
     4    0.01                           _01264_ (net)
                  0.10    0.00    5.70 v _06556_/C (sky130_fd_sc_hd__or3_1)
                  0.12    0.41    6.11 v _06556_/X (sky130_fd_sc_hd__or3_1)
     4    0.01                           _01265_ (net)
                  0.12    0.00    6.11 v _06594_/B (sky130_fd_sc_hd__nor2_2)
                  0.26    0.26    6.38 ^ _06594_/Y (sky130_fd_sc_hd__nor2_2)
     4    0.02                           _01297_ (net)
                  0.26    0.00    6.38 ^ _06605_/A (sky130_fd_sc_hd__nor2_1)
                  0.09    0.13    6.51 v _06605_/Y (sky130_fd_sc_hd__nor2_1)
     2    0.01                           _01308_ (net)
                  0.09    0.00    6.51 v _06660_/A1 (sky130_fd_sc_hd__o31a_1)
                  0.08    0.36    6.87 v _06660_/X (sky130_fd_sc_hd__o31a_1)
     1    0.01                           net69 (net)
                  0.08    0.00    6.87 v output69/A (sky130_fd_sc_hd__buf_2)
                  0.09    0.21    7.08 v output69/X (sky130_fd_sc_hd__buf_2)
     1    0.03                           src_read (net)
                  0.09    0.00    7.08 v src_read (out)
                                  7.08   data arrival time

                         10.00   10.00   clock clk (rise edge)
                          0.00   10.00   clock network delay (propagated)
                         -0.25    9.75   clock uncertainty
                          0.00    9.75   clock reconvergence pessimism
                         -2.00    7.75   output external delay
                                  7.75   data required time
-----------------------------------------------------------------------------
                                  7.75   data required time
                                 -7.08   data arrival time
-----------------------------------------------------------------------------
                                  0.67   slack (MET)


Startpoint: _13483_ (rising edge-triggered flip-flop clocked by clk)
Endpoint: _12919_ (rising edge-triggered flip-flop clocked by clk)
Path Group: clk
Path Type: max

Fanout     Cap    Slew   Delay    Time   Description
-----------------------------------------------------------------------------
                          0.00    0.00   clock clk (rise edge)
                          0.00    0.00   clock source latency
                  0.16    0.12    0.12 ^ clk (in)
     1    0.03                           clk (net)
                  0.16    0.00    0.12 ^ clkbuf_0_clk/A (sky130_fd_sc_hd__clkbuf_16)
                  0.04    0.17    0.29 ^ clkbuf_0_clk/X (sky130_fd_sc_hd__clkbuf_16)
     2    0.02                           clknet_0_clk (net)
                  0.04    0.00    0.29 ^ clkbuf_1_1_0_clk/A (sky130_fd_sc_hd__clkbuf_8)
                  0.05    0.14    0.43 ^ clkbuf_1_1_0_clk/X (sky130_fd_sc_hd__clkbuf_8)
     2    0.02                           clknet_1_1_0_clk (net)
                  0.05    0.00    0.43 ^ clkbuf_2_3_0_clk/A (sky130_fd_sc_hd__clkbuf_8)
                  0.05    0.14    0.57 ^ clkbuf_2_3_0_clk/X (sky130_fd_sc_hd__clkbuf_8)
     2    0.02                           clknet_2_3_0_clk (net)
                  0.05    0.00    0.58 ^ clkbuf_3_6_0_clk/A (sky130_fd_sc_hd__clkbuf_8)
                  0.05    0.14    0.71 ^ clkbuf_3_6_0_clk/X (sky130_fd_sc_hd__clkbuf_8)
     2    0.02                           clknet_3_6_0_clk (net)
                  0.05    0.00    0.71 ^ clkbuf_4_13_0_clk/A (sky130_fd_sc_hd__clkbuf_8)
                  0.15    0.22    0.93 ^ clkbuf_4_13_0_clk/X (sky130_fd_sc_hd__clkbuf_8)
     8    0.08                           clknet_4_13_0_clk (net)
                  0.15    0.00    0.93 ^ clkbuf_leaf_35_clk/A (sky130_fd_sc_hd__clkbuf_16)
                  0.04    0.17    1.11 ^ clkbuf_leaf_35_clk/X (sky130_fd_sc_hd__clkbuf_16)
     7    0.02                           clknet_leaf_35_clk (net)
                  0.04    0.00    1.11 ^ _13483_/CLK (sky130_fd_sc_hd__dfxtp_1)
                  0.08    0.36    1.47 v _13483_/Q (sky130_fd_sc_hd__dfxtp_1)
     5    0.02                           _158_[1] (net)
                  0.08    0.00    1.47 v _06545_/A (sky130_fd_sc_hd__or4_2)
                  0.14    0.77    2.24 v _06545_/X (sky130_fd_sc_hd__or4_2)
     5    0.01                           _01254_ (net)
                  0.14    0.00    2.24 v _06546_/C (sky130_fd_sc_hd__or3_1)
                  0.10    0.39    2.63 v _06546_/X (sky130_fd_sc_hd__or3_1)
     3    0.01                           _01255_ (net)
                  0.10    0.00    2.63 v _06547_/B (sky130_fd_sc_hd__or2_2)
                  0.09    0.36    3.00 v _06547_/X (sky130_fd_sc_hd__or2_2)
     4    0.02                           _01256_ (net)
                  0.09    0.00    3.00 v _06548_/C (sky130_fd_sc_hd__or3_1)
                  0.10    0.38    3.38 v _06548_/X (sky130_fd_sc_hd__or3_1)
     3    0.01                           _01257_ (net)
                  0.10    0.00    3.38 v _06549_/B (sky130_fd_sc_hd__or2_1)
                  0.09    0.29    3.67 v _06549_/X (sky130_fd_sc_hd__or2_1)
     4    0.01                           _01258_ (net)
                  0.09    0.00    3.67 v _06550_/C (sky130_fd_sc_hd__or3_1)
                  0.10    0.38    4.05 v _06550_/X (sky130_fd_sc_hd__or3_1)
     3    0.01                           _01259_ (net)
                  0.10    0.00    4.05 v _06551_/B (sky130_fd_sc_hd__or2_1)
                  0.10    0.30    4.35 v _06551_/X (sky130_fd_sc_hd__or2_1)
     4    0.02                           _01260_ (net)
                  0.10    0.00    4.35 v _06552_/C (sky130_fd_sc_hd__or3_1)
                  0.10    0.38    4.73 v _06552_/X (sky130_fd_sc_hd__or3_1)
     3    0.01                           _01261_ (net)
                  0.10    0.00    4.73 v _06553_/B (sky130_fd_sc_hd__or2_1)
                  0.09    0.29    5.02 v _06553_/X (sky130_fd_sc_hd__or2_1)
     4    0.01                           _01262_ (net)
                  0.09    0.00    5.02 v _06554_/C (sky130_fd_sc_hd__or3_1)
                  0.10    0.38    5.40 v _06554_/X (sky130_fd_sc_hd__or3_1)
     3    0.01                           _01263_ (net)
                  0.10    0.00    5.40 v _06555_/B (sky130_fd_sc_hd__or2_1)
                  0.10    0.30    5.70 v _06555_/X (sky130_fd_sc_hd__or2_1)
     4    0.01                           _01264_ (net)
                  0.10    0.00    5.70 v _06556_/C (sky130_fd_sc_hd__or3_1)
                  0.12    0.41    6.11 v _06556_/X (sky130_fd_sc_hd__or3_1)
     4    0.01                           _01265_ (net)
                  0.12    0.00    6.11 v _06594_/B (sky130_fd_sc_hd__nor2_2)
                  0.26    0.26    6.38 ^ _06594_/Y (sky130_fd_sc_hd__nor2_2)
     4    0.02                           _01297_ (net)
                  0.26    0.00    6.38 ^ _06605_/A (sky130_fd_sc_hd__nor2_1)
                  0.09    0.13    6.51 v _06605_/Y (sky130_fd_sc_hd__nor2_1)
     2    0.01                           _01308_ (net)
                  0.09    0.00    6.51 v _06606_/A (sky130_fd_sc_hd__inv_2)
                  0.05    0.08    6.59 ^ _06606_/Y (sky130_fd_sc_hd__inv_2)
     2    0.01                           _01309_ (net)
                  0.05    0.00    6.59 ^ _06662_/A3 (sky130_fd_sc_hd__a41o_1)
                  0.07    0.19    6.77 ^ _06662_/X (sky130_fd_sc_hd__a41o_1)
     2    0.01                           _01359_ (net)
                  0.07    0.00    6.77 ^ _06672_/C (sky130_fd_sc_hd__and3_2)
                  0.17    0.30    7.07 ^ _06672_/X (sky130_fd_sc_hd__and3_2)
     3    0.03                           _01366_ (net)
                  0.17    0.01    7.08 ^ _06719_/A (sky130_fd_sc_hd__buf_4)
                  0.15    0.24    7.32 ^ _06719_/X (sky130_fd_sc_hd__buf_4)
    10    0.05                           _01392_ (net)
                  0.15    0.00    7.32 ^ _06720_/A (sky130_fd_sc_hd__clkbuf_4)
                  0.14    0.25    7.57 ^ _06720_/X (sky130_fd_sc_hd__clkbuf_4)
    10    0.04                           _01393_ (net)
                  0.14    0.00    7.57 ^ _06721_/A (sky130_fd_sc_hd__buf_4)
                  0.18    0.25    7.82 ^ _06721_/X (sky130_fd_sc_hd__buf_4)
    10    0.06                           _01394_ (net)
                  0.18    0.01    7.83 ^ _06730_/S (sky130_fd_sc_hd__mux2_1)
                  0.06    0.37    8.20 v _06730_/X (sky130_fd_sc_hd__mux2_1)
     1    0.00                           _01399_ (net)
                  0.06    0.00    8.20 v _06731_/A (sky130_fd_sc_hd__clkbuf_1)
                  0.03    0.11    8.31 v _06731_/X (sky130_fd_sc_hd__clkbuf_1)
     1    0.00                           _00143_ (net)
                  0.03    0.00    8.31 v _12919_/D (sky130_fd_sc_hd__dfxtp_1)
                                  8.31   data arrival time

                         10.00   10.00   clock clk (rise edge)
                          0.00   10.00   clock source latency
                  0.16    0.10   10.10 ^ clk (in)
     1    0.03                           clk (net)
                  0.16    0.00   10.10 ^ clkbuf_0_clk/A (sky130_fd_sc_hd__clkbuf_16)
                  0.04    0.16   10.26 ^ clkbuf_0_clk/X (sky130_fd_sc_hd__clkbuf_16)
     2    0.02                           clknet_0_clk (net)
                  0.04    0.00   10.26 ^ clkbuf_1_1_0_clk/A (sky130_fd_sc_hd__clkbuf_8)
                  0.05    0.13   10.39 ^ clkbuf_1_1_0_clk/X (sky130_fd_sc_hd__clkbuf_8)
     2    0.02                           clknet_1_1_0_clk (net)
                  0.05    0.00   10.39 ^ clkbuf_2_2_0_clk/A (sky130_fd_sc_hd__clkbuf_8)
                  0.05    0.13   10.52 ^ clkbuf_2_2_0_clk/X (sky130_fd_sc_hd__clkbuf_8)
     2    0.02                           clknet_2_2_0_clk (net)
                  0.05    0.00   10.52 ^ clkbuf_3_5_0_clk/A (sky130_fd_sc_hd__clkbuf_8)
                  0.05    0.12   10.65 ^ clkbuf_3_5_0_clk/X (sky130_fd_sc_hd__clkbuf_8)
     2    0.02                           clknet_3_5_0_clk (net)
                  0.05    0.00   10.65 ^ clkbuf_4_11_0_clk/A (sky130_fd_sc_hd__clkbuf_8)
                  0.17    0.21   10.86 ^ clkbuf_4_11_0_clk/X (sky130_fd_sc_hd__clkbuf_8)
     9    0.10                           clknet_4_11_0_clk (net)
                  0.17    0.00   10.86 ^ clkbuf_leaf_73_clk/A (sky130_fd_sc_hd__clkbuf_16)
                  0.05    0.16   11.02 ^ clkbuf_leaf_73_clk/X (sky130_fd_sc_hd__clkbuf_16)
     8    0.02                           clknet_leaf_73_clk (net)
                  0.05    0.00   11.02 ^ _12919_/CLK (sky130_fd_sc_hd__dfxtp_1)
                         -0.25   10.77   clock uncertainty
                          0.04   10.82   clock reconvergence pessimism
                         -0.11   10.71   library setup time
                                 10.71   data required time
-----------------------------------------------------------------------------
                                 10.71   data required time
                                 -8.31   data arrival time
-----------------------------------------------------------------------------
                                  2.40   slack (MET)


Startpoint: _13483_ (rising edge-triggered flip-flop clocked by clk)
Endpoint: _12918_ (rising edge-triggered flip-flop clocked by clk)
Path Group: clk
Path Type: max

Fanout     Cap    Slew   Delay    Time   Description
-----------------------------------------------------------------------------
                          0.00    0.00   clock clk (rise edge)
                          0.00    0.00   clock source latency
                  0.16    0.12    0.12 ^ clk (in)
     1    0.03                           clk (net)
                  0.16    0.00    0.12 ^ clkbuf_0_clk/A (sky130_fd_sc_hd__clkbuf_16)
                  0.04    0.17    0.29 ^ clkbuf_0_clk/X (sky130_fd_sc_hd__clkbuf_16)
     2    0.02                           clknet_0_clk (net)
                  0.04    0.00    0.29 ^ clkbuf_1_1_0_clk/A (sky130_fd_sc_hd__clkbuf_8)
                  0.05    0.14    0.43 ^ clkbuf_1_1_0_clk/X (sky130_fd_sc_hd__clkbuf_8)
     2    0.02                           clknet_1_1_0_clk (net)
                  0.05    0.00    0.43 ^ clkbuf_2_3_0_clk/A (sky130_fd_sc_hd__clkbuf_8)
                  0.05    0.14    0.57 ^ clkbuf_2_3_0_clk/X (sky130_fd_sc_hd__clkbuf_8)
     2    0.02                           clknet_2_3_0_clk (net)
                  0.05    0.00    0.58 ^ clkbuf_3_6_0_clk/A (sky130_fd_sc_hd__clkbuf_8)
                  0.05    0.14    0.71 ^ clkbuf_3_6_0_clk/X (sky130_fd_sc_hd__clkbuf_8)
     2    0.02                           clknet_3_6_0_clk (net)
                  0.05    0.00    0.71 ^ clkbuf_4_13_0_clk/A (sky130_fd_sc_hd__clkbuf_8)
                  0.15    0.22    0.93 ^ clkbuf_4_13_0_clk/X (sky130_fd_sc_hd__clkbuf_8)
     8    0.08                           clknet_4_13_0_clk (net)
                  0.15    0.00    0.93 ^ clkbuf_leaf_35_clk/A (sky130_fd_sc_hd__clkbuf_16)
                  0.04    0.17    1.11 ^ clkbuf_leaf_35_clk/X (sky130_fd_sc_hd__clkbuf_16)
     7    0.02                           clknet_leaf_35_clk (net)
                  0.04    0.00    1.11 ^ _13483_/CLK (sky130_fd_sc_hd__dfxtp_1)
                  0.08    0.36    1.47 v _13483_/Q (sky130_fd_sc_hd__dfxtp_1)
     5    0.02                           _158_[1] (net)
                  0.08    0.00    1.47 v _06545_/A (sky130_fd_sc_hd__or4_2)
                  0.14    0.77    2.24 v _06545_/X (sky130_fd_sc_hd__or4_2)
     5    0.01                           _01254_ (net)
                  0.14    0.00    2.24 v _06546_/C (sky130_fd_sc_hd__or3_1)
                  0.10    0.39    2.63 v _06546_/X (sky130_fd_sc_hd__or3_1)
     3    0.01                           _01255_ (net)
                  0.10    0.00    2.63 v _06547_/B (sky130_fd_sc_hd__or2_2)
                  0.09    0.36    3.00 v _06547_/X (sky130_fd_sc_hd__or2_2)
     4    0.02                           _01256_ (net)
                  0.09    0.00    3.00 v _06548_/C (sky130_fd_sc_hd__or3_1)
                  0.10    0.38    3.38 v _06548_/X (sky130_fd_sc_hd__or3_1)
     3    0.01                           _01257_ (net)
                  0.10    0.00    3.38 v _06549_/B (sky130_fd_sc_hd__or2_1)
                  0.09    0.29    3.67 v _06549_/X (sky130_fd_sc_hd__or2_1)
     4    0.01                           _01258_ (net)
                  0.09    0.00    3.67 v _06550_/C (sky130_fd_sc_hd__or3_1)
                  0.10    0.38    4.05 v _06550_/X (sky130_fd_sc_hd__or3_1)
     3    0.01                           _01259_ (net)
                  0.10    0.00    4.05 v _06551_/B (sky130_fd_sc_hd__or2_1)
                  0.10    0.30    4.35 v _06551_/X (sky130_fd_sc_hd__or2_1)
     4    0.02                           _01260_ (net)
                  0.10    0.00    4.35 v _06552_/C (sky130_fd_sc_hd__or3_1)
                  0.10    0.38    4.73 v _06552_/X (sky130_fd_sc_hd__or3_1)
     3    0.01                           _01261_ (net)
                  0.10    0.00    4.73 v _06553_/B (sky130_fd_sc_hd__or2_1)
                  0.09    0.29    5.02 v _06553_/X (sky130_fd_sc_hd__or2_1)
     4    0.01                           _01262_ (net)
                  0.09    0.00    5.02 v _06554_/C (sky130_fd_sc_hd__or3_1)
                  0.10    0.38    5.40 v _06554_/X (sky130_fd_sc_hd__or3_1)
     3    0.01                           _01263_ (net)
                  0.10    0.00    5.40 v _06555_/B (sky130_fd_sc_hd__or2_1)
                  0.10    0.30    5.70 v _06555_/X (sky130_fd_sc_hd__or2_1)
     4    0.01                           _01264_ (net)
                  0.10    0.00    5.70 v _06556_/C (sky130_fd_sc_hd__or3_1)
                  0.12    0.41    6.11 v _06556_/X (sky130_fd_sc_hd__or3_1)
     4    0.01                           _01265_ (net)
                  0.12    0.00    6.11 v _06594_/B (sky130_fd_sc_hd__nor2_2)
                  0.26    0.26    6.38 ^ _06594_/Y (sky130_fd_sc_hd__nor2_2)
     4    0.02                           _01297_ (net)
                  0.26    0.00    6.38 ^ _06605_/A (sky130_fd_sc_hd__nor2_1)
                  0.09    0.13    6.51 v _06605_/Y (sky130_fd_sc_hd__nor2_1)
     2    0.01                           _01308_ (net)
                  0.09    0.00    6.51 v _06606_/A (sky130_fd_sc_hd__inv_2)
                  0.05    0.08    6.59 ^ _06606_/Y (sky130_fd_sc_hd__inv_2)
     2    0.01                           _01309_ (net)
                  0.05    0.00    6.59 ^ _06662_/A3 (sky130_fd_sc_hd__a41o_1)
                  0.07    0.19    6.77 ^ _06662_/X (sky130_fd_sc_hd__a41o_1)
     2    0.01                           _01359_ (net)
                  0.07    0.00    6.77 ^ _06672_/C (sky130_fd_sc_hd__and3_2)
                  0.17    0.30    7.07 ^ _06672_/X (sky130_fd_sc_hd__and3_2)
     3    0.03                           _01366_ (net)
                  0.17    0.01    7.08 ^ _06719_/A (sky130_fd_sc_hd__buf_4)
                  0.15    0.24    7.32 ^ _06719_/X (sky130_fd_sc_hd__buf_4)
    10    0.05                           _01392_ (net)
                  0.15    0.00    7.32 ^ _06720_/A (sky130_fd_sc_hd__clkbuf_4)
                  0.14    0.25    7.57 ^ _06720_/X (sky130_fd_sc_hd__clkbuf_4)
    10    0.04                           _01393_ (net)
                  0.14    0.00    7.57 ^ _06721_/A (sky130_fd_sc_hd__buf_4)
                  0.18    0.25    7.82 ^ _06721_/X (sky130_fd_sc_hd__buf_4)
    10    0.06                           _01394_ (net)
                  0.18    0.01    7.83 ^ _06728_/S (sky130_fd_sc_hd__mux2_1)
                  0.06    0.36    8.20 v _06728_/X (sky130_fd_sc_hd__mux2_1)
     1    0.00                           _01398_ (net)
                  0.06    0.00    8.20 v _06729_/A (sky130_fd_sc_hd__clkbuf_1)
                  0.03    0.10    8.30 v _06729_/X (sky130_fd_sc_hd__clkbuf_1)
     1    0.00                           _00142_ (net)
                  0.03    0.00    8.30 v _12918_/D (sky130_fd_sc_hd__dfxtp_1)
                                  8.30   data arrival time

                         10.00   10.00   clock clk (rise edge)
                          0.00   10.00   clock source latency
                  0.16    0.10   10.10 ^ clk (in)
     1    0.03                           clk (net)
                  0.16    0.00   10.10 ^ clkbuf_0_clk/A (sky130_fd_sc_hd__clkbuf_16)
                  0.04    0.16   10.26 ^ clkbuf_0_clk/X (sky130_fd_sc_hd__clkbuf_16)
     2    0.02                           clknet_0_clk (net)
                  0.04    0.00   10.26 ^ clkbuf_1_1_0_clk/A (sky130_fd_sc_hd__clkbuf_8)
                  0.05    0.13   10.39 ^ clkbuf_1_1_0_clk/X (sky130_fd_sc_hd__clkbuf_8)
     2    0.02                           clknet_1_1_0_clk (net)
                  0.05    0.00   10.39 ^ clkbuf_2_2_0_clk/A (sky130_fd_sc_hd__clkbuf_8)
                  0.05    0.13   10.52 ^ clkbuf_2_2_0_clk/X (sky130_fd_sc_hd__clkbuf_8)
     2    0.02                           clknet_2_2_0_clk (net)
                  0.05    0.00   10.52 ^ clkbuf_3_5_0_clk/A (sky130_fd_sc_hd__clkbuf_8)
                  0.05    0.12   10.65 ^ clkbuf_3_5_0_clk/X (sky130_fd_sc_hd__clkbuf_8)
     2    0.02                           clknet_3_5_0_clk (net)
                  0.05    0.00   10.65 ^ clkbuf_4_11_0_clk/A (sky130_fd_sc_hd__clkbuf_8)
                  0.17    0.21   10.86 ^ clkbuf_4_11_0_clk/X (sky130_fd_sc_hd__clkbuf_8)
     9    0.10                           clknet_4_11_0_clk (net)
                  0.17    0.00   10.86 ^ clkbuf_leaf_87_clk/A (sky130_fd_sc_hd__clkbuf_16)
                  0.04    0.16   11.02 ^ clkbuf_leaf_87_clk/X (sky130_fd_sc_hd__clkbuf_16)
     8    0.02                           clknet_leaf_87_clk (net)
                  0.04    0.00   11.02 ^ _12918_/CLK (sky130_fd_sc_hd__dfxtp_1)
                         -0.25   10.77   clock uncertainty
                          0.04   10.81   clock reconvergence pessimism
                         -0.10   10.71   library setup time
                                 10.71   data required time
-----------------------------------------------------------------------------
                                 10.71   data required time
                                 -8.30   data arrival time
-----------------------------------------------------------------------------
                                  2.41   slack (MET)


Startpoint: _13483_ (rising edge-triggered flip-flop clocked by clk)
Endpoint: _12922_ (rising edge-triggered flip-flop clocked by clk)
Path Group: clk
Path Type: max

Fanout     Cap    Slew   Delay    Time   Description
-----------------------------------------------------------------------------
                          0.00    0.00   clock clk (rise edge)
                          0.00    0.00   clock source latency
                  0.16    0.12    0.12 ^ clk (in)
     1    0.03                           clk (net)
                  0.16    0.00    0.12 ^ clkbuf_0_clk/A (sky130_fd_sc_hd__clkbuf_16)
                  0.04    0.17    0.29 ^ clkbuf_0_clk/X (sky130_fd_sc_hd__clkbuf_16)
     2    0.02                           clknet_0_clk (net)
                  0.04    0.00    0.29 ^ clkbuf_1_1_0_clk/A (sky130_fd_sc_hd__clkbuf_8)
                  0.05    0.14    0.43 ^ clkbuf_1_1_0_clk/X (sky130_fd_sc_hd__clkbuf_8)
     2    0.02                           clknet_1_1_0_clk (net)
                  0.05    0.00    0.43 ^ clkbuf_2_3_0_clk/A (sky130_fd_sc_hd__clkbuf_8)
                  0.05    0.14    0.57 ^ clkbuf_2_3_0_clk/X (sky130_fd_sc_hd__clkbuf_8)
     2    0.02                           clknet_2_3_0_clk (net)
                  0.05    0.00    0.58 ^ clkbuf_3_6_0_clk/A (sky130_fd_sc_hd__clkbuf_8)
                  0.05    0.14    0.71 ^ clkbuf_3_6_0_clk/X (sky130_fd_sc_hd__clkbuf_8)
     2    0.02                           clknet_3_6_0_clk (net)
                  0.05    0.00    0.71 ^ clkbuf_4_13_0_clk/A (sky130_fd_sc_hd__clkbuf_8)
                  0.15    0.22    0.93 ^ clkbuf_4_13_0_clk/X (sky130_fd_sc_hd__clkbuf_8)
     8    0.08                           clknet_4_13_0_clk (net)
                  0.15    0.00    0.93 ^ clkbuf_leaf_35_clk/A (sky130_fd_sc_hd__clkbuf_16)
                  0.04    0.17    1.11 ^ clkbuf_leaf_35_clk/X (sky130_fd_sc_hd__clkbuf_16)
     7    0.02                           clknet_leaf_35_clk (net)
                  0.04    0.00    1.11 ^ _13483_/CLK (sky130_fd_sc_hd__dfxtp_1)
                  0.08    0.36    1.47 v _13483_/Q (sky130_fd_sc_hd__dfxtp_1)
     5    0.02                           _158_[1] (net)
                  0.08    0.00    1.47 v _06545_/A (sky130_fd_sc_hd__or4_2)
                  0.14    0.77    2.24 v _06545_/X (sky130_fd_sc_hd__or4_2)
     5    0.01                           _01254_ (net)
                  0.14    0.00    2.24 v _06546_/C (sky130_fd_sc_hd__or3_1)
                  0.10    0.39    2.63 v _06546_/X (sky130_fd_sc_hd__or3_1)
     3    0.01                           _01255_ (net)
                  0.10    0.00    2.63 v _06547_/B (sky130_fd_sc_hd__or2_2)
                  0.09    0.36    3.00 v _06547_/X (sky130_fd_sc_hd__or2_2)
     4    0.02                           _01256_ (net)
                  0.09    0.00    3.00 v _06548_/C (sky130_fd_sc_hd__or3_1)
                  0.10    0.38    3.38 v _06548_/X (sky130_fd_sc_hd__or3_1)
     3    0.01                           _01257_ (net)
                  0.10    0.00    3.38 v _06549_/B (sky130_fd_sc_hd__or2_1)
                  0.09    0.29    3.67 v _06549_/X (sky130_fd_sc_hd__or2_1)
     4    0.01                           _01258_ (net)
                  0.09    0.00    3.67 v _06550_/C (sky130_fd_sc_hd__or3_1)
                  0.10    0.38    4.05 v _06550_/X (sky130_fd_sc_hd__or3_1)
     3    0.01                           _01259_ (net)
                  0.10    0.00    4.05 v _06551_/B (sky130_fd_sc_hd__or2_1)
                  0.10    0.30    4.35 v _06551_/X (sky130_fd_sc_hd__or2_1)
     4    0.02                           _01260_ (net)
                  0.10    0.00    4.35 v _06552_/C (sky130_fd_sc_hd__or3_1)
                  0.10    0.38    4.73 v _06552_/X (sky130_fd_sc_hd__or3_1)
     3    0.01                           _01261_ (net)
                  0.10    0.00    4.73 v _06553_/B (sky130_fd_sc_hd__or2_1)
                  0.09    0.29    5.02 v _06553_/X (sky130_fd_sc_hd__or2_1)
     4    0.01                           _01262_ (net)
                  0.09    0.00    5.02 v _06554_/C (sky130_fd_sc_hd__or3_1)
                  0.10    0.38    5.40 v _06554_/X (sky130_fd_sc_hd__or3_1)
     3    0.01                           _01263_ (net)
                  0.10    0.00    5.40 v _06555_/B (sky130_fd_sc_hd__or2_1)
                  0.10    0.30    5.70 v _06555_/X (sky130_fd_sc_hd__or2_1)
     4    0.01                           _01264_ (net)
                  0.10    0.00    5.70 v _06556_/C (sky130_fd_sc_hd__or3_1)
                  0.12    0.41    6.11 v _06556_/X (sky130_fd_sc_hd__or3_1)
     4    0.01                           _01265_ (net)
                  0.12    0.00    6.11 v _06594_/B (sky130_fd_sc_hd__nor2_2)
                  0.26    0.26    6.38 ^ _06594_/Y (sky130_fd_sc_hd__nor2_2)
     4    0.02                           _01297_ (net)
                  0.26    0.00    6.38 ^ _06605_/A (sky130_fd_sc_hd__nor2_1)
                  0.09    0.13    6.51 v _06605_/Y (sky130_fd_sc_hd__nor2_1)
     2    0.01                           _01308_ (net)
                  0.09    0.00    6.51 v _06606_/A (sky130_fd_sc_hd__inv_2)
                  0.05    0.08    6.59 ^ _06606_/Y (sky130_fd_sc_hd__inv_2)
     2    0.01                           _01309_ (net)
                  0.05    0.00    6.59 ^ _06662_/A3 (sky130_fd_sc_hd__a41o_1)
                  0.07    0.19    6.77 ^ _06662_/X (sky130_fd_sc_hd__a41o_1)
     2    0.01                           _01359_ (net)
                  0.07    0.00    6.77 ^ _06672_/C (sky130_fd_sc_hd__and3_2)
                  0.17    0.30    7.07 ^ _06672_/X (sky130_fd_sc_hd__and3_2)
     3    0.03                           _01366_ (net)
                  0.17    0.01    7.08 ^ _06719_/A (sky130_fd_sc_hd__buf_4)
                  0.15    0.24    7.32 ^ _06719_/X (sky130_fd_sc_hd__buf_4)
    10    0.05                           _01392_ (net)
                  0.15    0.00    7.32 ^ _06720_/A (sky130_fd_sc_hd__clkbuf_4)
                  0.14    0.25    7.57 ^ _06720_/X (sky130_fd_sc_hd__clkbuf_4)
    10    0.04                           _01393_ (net)
                  0.14    0.00    7.57 ^ _06721_/A (sky130_fd_sc_hd__buf_4)
                  0.18    0.25    7.82 ^ _06721_/X (sky130_fd_sc_hd__buf_4)
    10    0.06                           _01394_ (net)
                  0.18    0.01    7.83 ^ _06736_/S (sky130_fd_sc_hd__mux2_1)
                  0.06    0.36    8.19 v _06736_/X (sky130_fd_sc_hd__mux2_1)
     1    0.00                           _01402_ (net)
                  0.06    0.00    8.19 v _06737_/A (sky130_fd_sc_hd__clkbuf_1)
                  0.03    0.10    8.29 v _06737_/X (sky130_fd_sc_hd__clkbuf_1)
     1    0.00                           _00146_ (net)
                  0.03    0.00    8.29 v _12922_/D (sky130_fd_sc_hd__dfxtp_1)
                                  8.29   data arrival time

                         10.00   10.00   clock clk (rise edge)
                          0.00   10.00   clock source latency
                  0.16    0.10   10.10 ^ clk (in)
     1    0.03                           clk (net)
                  0.16    0.00   10.10 ^ clkbuf_0_clk/A (sky130_fd_sc_hd__clkbuf_16)
                  0.04    0.16   10.26 ^ clkbuf_0_clk/X (sky130_fd_sc_hd__clkbuf_16)
     2    0.02                           clknet_0_clk (net)
                  0.04    0.00   10.26 ^ clkbuf_1_1_0_clk/A (sky130_fd_sc_hd__clkbuf_8)
                  0.05    0.13   10.39 ^ clkbuf_1_1_0_clk/X (sky130_fd_sc_hd__clkbuf_8)
     2    0.02                           clknet_1_1_0_clk (net)
                  0.05    0.00   10.39 ^ clkbuf_2_2_0_clk/A (sky130_fd_sc_hd__clkbuf_8)
                  0.05    0.13   10.52 ^ clkbuf_2_2_0_clk/X (sky130_fd_sc_hd__clkbuf_8)
     2    0.02                           clknet_2_2_0_clk (net)
                  0.05    0.00   10.52 ^ clkbuf_3_5_0_clk/A (sky130_fd_sc_hd__clkbuf_8)
                  0.05    0.12   10.65 ^ clkbuf_3_5_0_clk/X (sky130_fd_sc_hd__clkbuf_8)
     2    0.02                           clknet_3_5_0_clk (net)
                  0.05    0.00   10.65 ^ clkbuf_4_11_0_clk/A (sky130_fd_sc_hd__clkbuf_8)
                  0.17    0.21   10.86 ^ clkbuf_4_11_0_clk/X (sky130_fd_sc_hd__clkbuf_8)
     9    0.10                           clknet_4_11_0_clk (net)
                  0.17    0.00   10.86 ^ clkbuf_leaf_88_clk/A (sky130_fd_sc_hd__clkbuf_16)
                  0.04    0.16   11.02 ^ clkbuf_leaf_88_clk/X (sky130_fd_sc_hd__clkbuf_16)
     7    0.02                           clknet_leaf_88_clk (net)
                  0.04    0.00   11.02 ^ _12922_/CLK (sky130_fd_sc_hd__dfxtp_1)
                         -0.25   10.77   clock uncertainty
                          0.04   10.81   clock reconvergence pessimism
                         -0.10   10.71   library setup time
                                 10.71   data required time
-----------------------------------------------------------------------------
                                 10.71   data required time
                                 -8.29   data arrival time
-----------------------------------------------------------------------------
                                  2.42   slack (MET)


Startpoint: _13483_ (rising edge-triggered flip-flop clocked by clk)
Endpoint: _12917_ (rising edge-triggered flip-flop clocked by clk)
Path Group: clk
Path Type: max

Fanout     Cap    Slew   Delay    Time   Description
-----------------------------------------------------------------------------
                          0.00    0.00   clock clk (rise edge)
                          0.00    0.00   clock source latency
                  0.16    0.12    0.12 ^ clk (in)
     1    0.03                           clk (net)
                  0.16    0.00    0.12 ^ clkbuf_0_clk/A (sky130_fd_sc_hd__clkbuf_16)
                  0.04    0.17    0.29 ^ clkbuf_0_clk/X (sky130_fd_sc_hd__clkbuf_16)
     2    0.02                           clknet_0_clk (net)
                  0.04    0.00    0.29 ^ clkbuf_1_1_0_clk/A (sky130_fd_sc_hd__clkbuf_8)
                  0.05    0.14    0.43 ^ clkbuf_1_1_0_clk/X (sky130_fd_sc_hd__clkbuf_8)
     2    0.02                           clknet_1_1_0_clk (net)
                  0.05    0.00    0.43 ^ clkbuf_2_3_0_clk/A (sky130_fd_sc_hd__clkbuf_8)
                  0.05    0.14    0.57 ^ clkbuf_2_3_0_clk/X (sky130_fd_sc_hd__clkbuf_8)
     2    0.02                           clknet_2_3_0_clk (net)
                  0.05    0.00    0.58 ^ clkbuf_3_6_0_clk/A (sky130_fd_sc_hd__clkbuf_8)
                  0.05    0.14    0.71 ^ clkbuf_3_6_0_clk/X (sky130_fd_sc_hd__clkbuf_8)
     2    0.02                           clknet_3_6_0_clk (net)
                  0.05    0.00    0.71 ^ clkbuf_4_13_0_clk/A (sky130_fd_sc_hd__clkbuf_8)
                  0.15    0.22    0.93 ^ clkbuf_4_13_0_clk/X (sky130_fd_sc_hd__clkbuf_8)
     8    0.08                           clknet_4_13_0_clk (net)
                  0.15    0.00    0.93 ^ clkbuf_leaf_35_clk/A (sky130_fd_sc_hd__clkbuf_16)
                  0.04    0.17    1.11 ^ clkbuf_leaf_35_clk/X (sky130_fd_sc_hd__clkbuf_16)
     7    0.02                           clknet_leaf_35_clk (net)
                  0.04    0.00    1.11 ^ _13483_/CLK (sky130_fd_sc_hd__dfxtp_1)
                  0.08    0.36    1.47 v _13483_/Q (sky130_fd_sc_hd__dfxtp_1)
     5    0.02                           _158_[1] (net)
                  0.08    0.00    1.47 v _06545_/A (sky130_fd_sc_hd__or4_2)
                  0.14    0.77    2.24 v _06545_/X (sky130_fd_sc_hd__or4_2)
     5    0.01                           _01254_ (net)
                  0.14    0.00    2.24 v _06546_/C (sky130_fd_sc_hd__or3_1)
                  0.10    0.39    2.63 v _06546_/X (sky130_fd_sc_hd__or3_1)
     3    0.01                           _01255_ (net)
                  0.10    0.00    2.63 v _06547_/B (sky130_fd_sc_hd__or2_2)
                  0.09    0.36    3.00 v _06547_/X (sky130_fd_sc_hd__or2_2)
     4    0.02                           _01256_ (net)
                  0.09    0.00    3.00 v _06548_/C (sky130_fd_sc_hd__or3_1)
                  0.10    0.38    3.38 v _06548_/X (sky130_fd_sc_hd__or3_1)
     3    0.01                           _01257_ (net)
                  0.10    0.00    3.38 v _06549_/B (sky130_fd_sc_hd__or2_1)
                  0.09    0.29    3.67 v _06549_/X (sky130_fd_sc_hd__or2_1)
     4    0.01                           _01258_ (net)
                  0.09    0.00    3.67 v _06550_/C (sky130_fd_sc_hd__or3_1)
                  0.10    0.38    4.05 v _06550_/X (sky130_fd_sc_hd__or3_1)
     3    0.01                           _01259_ (net)
                  0.10    0.00    4.05 v _06551_/B (sky130_fd_sc_hd__or2_1)
                  0.10    0.30    4.35 v _06551_/X (sky130_fd_sc_hd__or2_1)
     4    0.02                           _01260_ (net)
                  0.10    0.00    4.35 v _06552_/C (sky130_fd_sc_hd__or3_1)
                  0.10    0.38    4.73 v _06552_/X (sky130_fd_sc_hd__or3_1)
     3    0.01                           _01261_ (net)
                  0.10    0.00    4.73 v _06553_/B (sky130_fd_sc_hd__or2_1)
                  0.09    0.29    5.02 v _06553_/X (sky130_fd_sc_hd__or2_1)
     4    0.01                           _01262_ (net)
                  0.09    0.00    5.02 v _06554_/C (sky130_fd_sc_hd__or3_1)
                  0.10    0.38    5.40 v _06554_/X (sky130_fd_sc_hd__or3_1)
     3    0.01                           _01263_ (net)
                  0.10    0.00    5.40 v _06555_/B (sky130_fd_sc_hd__or2_1)
                  0.10    0.30    5.70 v _06555_/X (sky130_fd_sc_hd__or2_1)
     4    0.01                           _01264_ (net)
                  0.10    0.00    5.70 v _06556_/C (sky130_fd_sc_hd__or3_1)
                  0.12    0.41    6.11 v _06556_/X (sky130_fd_sc_hd__or3_1)
     4    0.01                           _01265_ (net)
                  0.12    0.00    6.11 v _06594_/B (sky130_fd_sc_hd__nor2_2)
                  0.26    0.26    6.38 ^ _06594_/Y (sky130_fd_sc_hd__nor2_2)
     4    0.02                           _01297_ (net)
                  0.26    0.00    6.38 ^ _06605_/A (sky130_fd_sc_hd__nor2_1)
                  0.09    0.13    6.51 v _06605_/Y (sky130_fd_sc_hd__nor2_1)
     2    0.01                           _01308_ (net)
                  0.09    0.00    6.51 v _06606_/A (sky130_fd_sc_hd__inv_2)
                  0.05    0.08    6.59 ^ _06606_/Y (sky130_fd_sc_hd__inv_2)
     2    0.01                           _01309_ (net)
                  0.05    0.00    6.59 ^ _06662_/A3 (sky130_fd_sc_hd__a41o_1)
                  0.07    0.19    6.77 ^ _06662_/X (sky130_fd_sc_hd__a41o_1)
     2    0.01                           _01359_ (net)
                  0.07    0.00    6.77 ^ _06672_/C (sky130_fd_sc_hd__and3_2)
                  0.17    0.30    7.07 ^ _06672_/X (sky130_fd_sc_hd__and3_2)
     3    0.03                           _01366_ (net)
                  0.17    0.01    7.08 ^ _06719_/A (sky130_fd_sc_hd__buf_4)
                  0.15    0.24    7.32 ^ _06719_/X (sky130_fd_sc_hd__buf_4)
    10    0.05                           _01392_ (net)
                  0.15    0.00    7.32 ^ _06720_/A (sky130_fd_sc_hd__clkbuf_4)
                  0.14    0.25    7.57 ^ _06720_/X (sky130_fd_sc_hd__clkbuf_4)
    10    0.04                           _01393_ (net)
                  0.14    0.00    7.57 ^ _06721_/A (sky130_fd_sc_hd__buf_4)
                  0.18    0.25    7.82 ^ _06721_/X (sky130_fd_sc_hd__buf_4)
    10    0.06                           _01394_ (net)
                  0.18    0.01    7.83 ^ _06726_/S (sky130_fd_sc_hd__mux2_1)
                  0.06    0.36    8.19 v _06726_/X (sky130_fd_sc_hd__mux2_1)
     1    0.00                           _01397_ (net)
                  0.06    0.00    8.19 v _06727_/A (sky130_fd_sc_hd__clkbuf_1)
                  0.03    0.10    8.29 v _06727_/X (sky130_fd_sc_hd__clkbuf_1)
     1    0.00                           _00141_ (net)
                  0.03    0.00    8.29 v _12917_/D (sky130_fd_sc_hd__dfxtp_1)
                                  8.29   data arrival time

                         10.00   10.00   clock clk (rise edge)
                          0.00   10.00   clock source latency
                  0.16    0.10   10.10 ^ clk (in)
     1    0.03                           clk (net)
                  0.16    0.00   10.10 ^ clkbuf_0_clk/A (sky130_fd_sc_hd__clkbuf_16)
                  0.04    0.16   10.26 ^ clkbuf_0_clk/X (sky130_fd_sc_hd__clkbuf_16)
     2    0.02                           clknet_0_clk (net)
                  0.04    0.00   10.26 ^ clkbuf_1_1_0_clk/A (sky130_fd_sc_hd__clkbuf_8)
                  0.05    0.13   10.39 ^ clkbuf_1_1_0_clk/X (sky130_fd_sc_hd__clkbuf_8)
     2    0.02                           clknet_1_1_0_clk (net)
                  0.05    0.00   10.39 ^ clkbuf_2_2_0_clk/A (sky130_fd_sc_hd__clkbuf_8)
                  0.05    0.13   10.52 ^ clkbuf_2_2_0_clk/X (sky130_fd_sc_hd__clkbuf_8)
     2    0.02                           clknet_2_2_0_clk (net)
                  0.05    0.00   10.52 ^ clkbuf_3_5_0_clk/A (sky130_fd_sc_hd__clkbuf_8)
                  0.05    0.12   10.65 ^ clkbuf_3_5_0_clk/X (sky130_fd_sc_hd__clkbuf_8)
     2    0.02                           clknet_3_5_0_clk (net)
                  0.05    0.00   10.65 ^ clkbuf_4_11_0_clk/A (sky130_fd_sc_hd__clkbuf_8)
                  0.17    0.21   10.86 ^ clkbuf_4_11_0_clk/X (sky130_fd_sc_hd__clkbuf_8)
     9    0.10                           clknet_4_11_0_clk (net)
                  0.17    0.00   10.86 ^ clkbuf_leaf_88_clk/A (sky130_fd_sc_hd__clkbuf_16)
                  0.04    0.16   11.02 ^ clkbuf_leaf_88_clk/X (sky130_fd_sc_hd__clkbuf_16)
     7    0.02                           clknet_leaf_88_clk (net)
                  0.04    0.00   11.02 ^ _12917_/CLK (sky130_fd_sc_hd__dfxtp_1)
                         -0.25   10.77   clock uncertainty
                          0.04   10.81   clock reconvergence pessimism
                         -0.10   10.71   library setup time
                                 10.71   data required time
-----------------------------------------------------------------------------
                                 10.71   data required time
                                 -8.29   data arrival time
-----------------------------------------------------------------------------
                                  2.42   slack (MET)


